Archive member included to satisfy reference by file (symbol)

/usr/local/playdate/gcc-arm-none-eabi-9-2019-q4-major/bin/../lib/gcc/arm-none-eabi/9.2.1/../../../../arm-none-eabi/lib/thumb/v8-m.main+fp/softfp/libm.a(lib_a-wf_sqrt.o)
                              CMakeFiles/mihashi_simple_dual.dir/Users/kurogedelic/pico-sdk/src/rp2_common/pico_float/float_math.c.o (sqrtf)
/usr/local/playdate/gcc-arm-none-eabi-9-2019-q4-major/bin/../lib/gcc/arm-none-eabi/9.2.1/../../../../arm-none-eabi/lib/thumb/v8-m.main+fp/softfp/libm.a(lib_a-ef_sqrt.o)
                              /usr/local/playdate/gcc-arm-none-eabi-9-2019-q4-major/bin/../lib/gcc/arm-none-eabi/9.2.1/../../../../arm-none-eabi/lib/thumb/v8-m.main+fp/softfp/libm.a(lib_a-wf_sqrt.o) (__ieee754_sqrtf)
/usr/local/playdate/gcc-arm-none-eabi-9-2019-q4-major/bin/../lib/gcc/arm-none-eabi/9.2.1/../../../../arm-none-eabi/lib/thumb/v8-m.main+fp/softfp/libm.a(lib_a-s_lib_ver.o)
                              /usr/local/playdate/gcc-arm-none-eabi-9-2019-q4-major/bin/../lib/gcc/arm-none-eabi/9.2.1/../../../../arm-none-eabi/lib/thumb/v8-m.main+fp/softfp/libm.a(lib_a-wf_sqrt.o) (__fdlib_version)
/usr/local/playdate/gcc-arm-none-eabi-9-2019-q4-major/bin/../lib/gcc/arm-none-eabi/9.2.1/../../../../arm-none-eabi/lib/thumb/v8-m.main+fp/softfp/libm.a(lib_a-s_matherr.o)
                              /usr/local/playdate/gcc-arm-none-eabi-9-2019-q4-major/bin/../lib/gcc/arm-none-eabi/9.2.1/../../../../arm-none-eabi/lib/thumb/v8-m.main+fp/softfp/libm.a(lib_a-wf_sqrt.o) (matherr)
/usr/local/playdate/gcc-arm-none-eabi-9-2019-q4-major/bin/../lib/gcc/arm-none-eabi/9.2.1/thumb/v8-m.main+fp/softfp/libgcc.a(_arm_addsubdf3.o)
                              CMakeFiles/mihashi_simple_dual.dir/Users/kurogedelic/pico-sdk/src/rp2_common/pico_float/float_math.c.o (__aeabi_f2d)
/usr/local/playdate/gcc-arm-none-eabi-9-2019-q4-major/bin/../lib/gcc/arm-none-eabi/9.2.1/thumb/v8-m.main+fp/softfp/libgcc.a(_aeabi_ldivmod.o)
                              CMakeFiles/mihashi_simple_dual.dir/Users/kurogedelic/pico-sdk/src/common/pico_time/time.c.o (__aeabi_ldivmod)
/usr/local/playdate/gcc-arm-none-eabi-9-2019-q4-major/bin/../lib/gcc/arm-none-eabi/9.2.1/thumb/v8-m.main+fp/softfp/libgcc.a(_aeabi_uldivmod.o)
                              CMakeFiles/mihashi_simple_dual.dir/src/main_simple_dual.c.o (__aeabi_uldivmod)
/usr/local/playdate/gcc-arm-none-eabi-9-2019-q4-major/bin/../lib/gcc/arm-none-eabi/9.2.1/thumb/v8-m.main+fp/softfp/libgcc.a(_udivmoddi4.o)
                              /usr/local/playdate/gcc-arm-none-eabi-9-2019-q4-major/bin/../lib/gcc/arm-none-eabi/9.2.1/thumb/v8-m.main+fp/softfp/libgcc.a(_aeabi_ldivmod.o) (__udivmoddi4)
/usr/local/playdate/gcc-arm-none-eabi-9-2019-q4-major/bin/../lib/gcc/arm-none-eabi/9.2.1/thumb/v8-m.main+fp/softfp/libgcc.a(_dvmd_tls.o)
                              /usr/local/playdate/gcc-arm-none-eabi-9-2019-q4-major/bin/../lib/gcc/arm-none-eabi/9.2.1/thumb/v8-m.main+fp/softfp/libgcc.a(_aeabi_ldivmod.o) (__aeabi_ldiv0)
/usr/local/playdate/gcc-arm-none-eabi-9-2019-q4-major/bin/../lib/gcc/arm-none-eabi/9.2.1/../../../../arm-none-eabi/lib/thumb/v8-m.main+fp/softfp/libg.a(lib_a-calloc.o)
                              CMakeFiles/mihashi_simple_dual.dir/Users/kurogedelic/pico-sdk/src/rp2_common/pico_malloc/malloc.c.o (calloc)
/usr/local/playdate/gcc-arm-none-eabi-9-2019-q4-major/bin/../lib/gcc/arm-none-eabi/9.2.1/../../../../arm-none-eabi/lib/thumb/v8-m.main+fp/softfp/libg.a(lib_a-callocr.o)
                              /usr/local/playdate/gcc-arm-none-eabi-9-2019-q4-major/bin/../lib/gcc/arm-none-eabi/9.2.1/../../../../arm-none-eabi/lib/thumb/v8-m.main+fp/softfp/libg.a(lib_a-calloc.o) (_calloc_r)
/usr/local/playdate/gcc-arm-none-eabi-9-2019-q4-major/bin/../lib/gcc/arm-none-eabi/9.2.1/../../../../arm-none-eabi/lib/thumb/v8-m.main+fp/softfp/libg.a(lib_a-errno.o)
                              /usr/local/playdate/gcc-arm-none-eabi-9-2019-q4-major/bin/../lib/gcc/arm-none-eabi/9.2.1/../../../../arm-none-eabi/lib/thumb/v8-m.main+fp/softfp/libm.a(lib_a-wf_sqrt.o) (__errno)
/usr/local/playdate/gcc-arm-none-eabi-9-2019-q4-major/bin/../lib/gcc/arm-none-eabi/9.2.1/../../../../arm-none-eabi/lib/thumb/v8-m.main+fp/softfp/libg.a(lib_a-impure.o)
                              /usr/local/playdate/gcc-arm-none-eabi-9-2019-q4-major/bin/../lib/gcc/arm-none-eabi/9.2.1/../../../../arm-none-eabi/lib/thumb/v8-m.main+fp/softfp/libg.a(lib_a-calloc.o) (_impure_ptr)
/usr/local/playdate/gcc-arm-none-eabi-9-2019-q4-major/bin/../lib/gcc/arm-none-eabi/9.2.1/../../../../arm-none-eabi/lib/thumb/v8-m.main+fp/softfp/libg.a(lib_a-init.o)
                              /usr/local/playdate/gcc-arm-none-eabi-9-2019-q4-major/bin/../lib/gcc/arm-none-eabi/9.2.1/../../../../arm-none-eabi/lib/thumb/v8-m.main+fp/softfp/crt0.o (__libc_init_array)
/usr/local/playdate/gcc-arm-none-eabi-9-2019-q4-major/bin/../lib/gcc/arm-none-eabi/9.2.1/../../../../arm-none-eabi/lib/thumb/v8-m.main+fp/softfp/libg.a(lib_a-lcltime_r.o)
[...]
Memory Configuration

Name             Origin             Length             Attributes
FLASH            0x0000000010000000 0x0000000000400000 xr
RAM              0x0000000020000000 0x0000000000080000 xrw
SCRATCH_X        0x0000000020080000 0x0000000000001000 xrw
SCRATCH_Y        0x0000000020081000 0x0000000000001000 xrw
*default*        0x0000000000000000 0xffffffffffffffff

Linker script and memory map

LOAD /usr/local/playdate/gcc-arm-none-eabi-9-2019-q4-major/bin/../lib/gcc/arm-none-eabi/9.2.1/thumb/v8-m.main+fp/softfp/crti.o
LOAD /usr/local/playdate/gcc-arm-none-eabi-9-2019-q4-major/bin/../lib/gcc/arm-none-eabi/9.2.1/thumb/v8-m.main+fp/softfp/crtbegin.o
LOAD /usr/local/playdate/gcc-arm-none-eabi-9-2019-q4-major/bin/../lib/gcc/arm-none-eabi/9.2.1/../../../../arm-none-eabi/lib/thumb/v8-m.main+fp/softfp/crt0.o

.flash_begin    0x0000000010000000        0x0
                0x0000000010000000                __flash_binary_start = .

.text           0x0000000010000000     0x55a8
                0x0000000010000000                __logical_binary_start = .
 *(.vectors)
 .vectors       0x0000000010000000      0x124 CMakeFiles/mihashi_simple_dual.dir/Users/kurogedelic/pico-sdk/src/rp2_common/pico_crt0/crt0.S.o
                0x0000000010000000                __vectors
                0x0000000010000000                __VECTOR_TABLE
                0x0000000010000110                __default_isrs_start
                0x0000000010000110                isr_invalid
                0x0000000010000112                isr_nmi
                0x0000000010000114                isr_hardfault
                0x0000000010000116                isr_svcall
                0x0000000010000118                isr_pendsv
                0x000000001000011a                isr_systick
                0x000000001000011c                isr_irq5
                0x000000001000011c                isr_irq11
                0x000000001000011c                isr_irq23
                0x000000001000011c                isr_irq48
                0x000000001000011c                isr_irq35
                0x000000001000011c                isr_irq18
                0x000000001000011c                isr_irq50
                0x000000001000011c                isr_irq40
                0x000000001000011c                isr_irq28
                0x000000001000011c                isr_irq19
                0x000000001000011c                isr_irq36
                0x000000001000011c                isr_irq41
                0x000000001000011c                isr_irq0
                0x000000001000011c                isr_irq6
                0x000000001000011c                isr_irq37
                0x000000001000011c                isr_irq42
                0x000000001000011c                isr_irq22
                0x000000001000011c                isr_irq17
                0x000000001000011c                isr_irq38
                0x000000001000011c                isr_irq14
                0x000000001000011c                isr_irq2
                0x000000001000011c                isr_irq10
                0x000000001000011c                isr_irq8
                0x000000001000011c                isr_irq24
                0x000000001000011c                isr_irq46
                0x000000001000011c                isr_irq1
                0x000000001000011c                isr_irq47
                0x000000001000011c                isr_irq51
                0x000000001000011c                isr_irq7
                0x000000001000011c                isr_irq21
                0x000000001000011c                isr_irq39
                0x000000001000011c                isr_irq20
                0x000000001000011c                isr_irq15
                0x000000001000011c                isr_irq25
                0x000000001000011c                isr_irq34
                0x000000001000011c                isr_irq4
                0x000000001000011c                isr_irq16
                0x000000001000011c                isr_irq44
                0x000000001000011c                isr_irq29
                0x000000001000011c                isr_irq26
                0x000000001000011c                __default_isrs_end
                0x000000001000011c                isr_irq33
                0x000000001000011c                isr_irq3
                0x000000001000011c                isr_irq9
                0x000000001000011c                __unhandled_user_irq
                0x000000001000011c                isr_irq49
                0x000000001000011c                isr_irq13
                0x000000001000011c                isr_irq43
                0x000000001000011c                isr_irq45
                0x000000001000011c                isr_irq27
                0x000000001000011c                isr_irq32
                0x000000001000011c                isr_irq31
                0x000000001000011c                isr_irq30
                0x000000001000011c                isr_irq12
                0x0000000010000122                unhandled_user_irq_num_in_r0
 *(.binary_info_header)
 .binary_info_header
                0x0000000010000124       0x14 CMakeFiles/mihashi_simple_dual.dir/Users/kurogedelic/pico-sdk/src/rp2_common/pico_crt0/crt0.S.o
                0x0000000010000138                __binary_info_header_end = .
 *(.embedded_block)
 .embedded_block
                0x0000000010000138       0x14 CMakeFiles/mihashi_simple_dual.dir/Users/kurogedelic/pico-sdk/src/rp2_common/pico_crt0/crt0.S.o
                0x000000001000014c                __embedded_block_end = .
 *(.reset)
 .reset         0x000000001000014c       0xa0 CMakeFiles/mihashi_simple_dual.dir/Users/kurogedelic/pico-sdk/src/rp2_common/pico_crt0/crt0.S.o
                0x000000001000014c                _entry_point
 *(.init)
 .init          0x00000000100001ec        0x4 /usr/local/playdate/gcc-arm-none-eabi-9-2019-q4-major/bin/../lib/gcc/arm-none-eabi/9.2.1/thumb/v8-m.main+fp/softfp/crti.o
                0x00000000100001ec                _init
 *libgcc.a:cmse_nonsecure_call.o()
 *(EXCLUDE_FILE(*libm.a: *libc.a:*lib_a-mem*.o *libgcc.a:) .text*)
 .text          0x00000000100001f0       0x40 /usr/local/playdate/gcc-arm-none-eabi-9-2019-q4-major/bin/../lib/gcc/arm-none-eabi/9.2.1/thumb/v8-m.main+fp/softfp/crtbegin.o
 .text.system_clock_init
                0x0000000010000230       0x40 CMakeFiles/mihashi_simple_dual.dir/src/main_simple_dual.c.o
                0x0000000010000230                system_clock_init
 .text.host_gpio_init
                0x0000000010000270       0x38 CMakeFiles/mihashi_simple_dual.dir/src/main_simple_dual.c.o
                0x0000000010000270                host_gpio_init
 .text.d2h_buffer_put
                0x00000000100002a8       0x7c CMakeFiles/mihashi_simple_dual.dir/src/main_simple_dual.c.o
                0x00000000100002a8                d2h_buffer_put
 .text.d2h_buffer_get
                0x0000000010000324       0x58 CMakeFiles/mihashi_simple_dual.dir/src/main_simple_dual.c.o
                0x0000000010000324                d2h_buffer_get
 .text.h2d_buffer_get
                0x000000001000037c       0x58 CMakeFiles/mihashi_simple_dual.dir/src/main_simple_dual.c.o
                0x000000001000037c                h2d_buffer_get
 .text.simple_host_task
                0x00000000100003d4       0xe8 CMakeFiles/mihashi_simple_dual.dir/src/main_simple_dual.c.o
                0x00000000100003d4                simple_host_task
 .text.core1_entry
                0x00000000100004bc       0x24 CMakeFiles/mihashi_simple_dual.dir/src/main_simple_dual.c.o
                0x00000000100004bc                core1_entry
 .text.mihashi_bridge_task
                0x00000000100004e0       0x4c CMakeFiles/mihashi_simple_dual.dir/src/main_simple_dual.c.o
                0x00000000100004e0                mihashi_bridge_task
 .text.mihashi_status_task
                0x000000001000052c       0xc8 CMakeFiles/mihashi_simple_dual.dir/src/main_simple_dual.c.o
                0x000000001000052c                mihashi_status_task
 .text.startup.main
                0x00000000100005f4       0x88 CMakeFiles/mihashi_simple_dual.dir/src/main_simple_dual.c.o
                0x00000000100005f4                main
 .text.tud_midi_rx_cb
                0x000000001000067c       0x5c CMakeFiles/mihashi_simple_dual.dir/src/main_simple_dual.c.o
                0x000000001000067c                tud_midi_rx_cb
 .text.tud_descriptor_device_cb
                0x00000000100006d8        0x8 CMakeFiles/mihashi_simple_dual.dir/src/usb_descriptors.c.o
                0x00000000100006d8                tud_descriptor_device_cb
 .text.tud_descriptor_configuration_cb
                0x00000000100006e0        0x8 CMakeFiles/mihashi_simple_dual.dir/src/usb_descriptors.c.o
                0x00000000100006e0                tud_descriptor_configuration_cb
 .text.tud_descriptor_string_cb
                0x00000000100006e8       0x70 CMakeFiles/mihashi_simple_dual.dir/src/usb_descriptors.c.o
                0x00000000100006e8                tud_descriptor_string_cb
 .text.gpio_set_function
                0x0000000010000758       0x38 CMakeFiles/mihashi_simple_dual.dir/Users/kurogedelic/pico-sdk/src/rp2_common/hardware_gpio/gpio.c.o
                0x0000000010000758                gpio_set_function
 .text.gpio_set_pulls
                0x0000000010000790       0x30 CMakeFiles/mihashi_simple_dual.dir/Users/kurogedelic/pico-sdk/src/rp2_common/hardware_gpio/gpio.c.o
                0x0000000010000790                gpio_set_pulls
 .text.gpio_init
                0x00000000100007c0       0x44 CMakeFiles/mihashi_simple_dual.dir/Users/kurogedelic/pico-sdk/src/rp2_common/hardware_gpio/gpio.c.o
                0x00000000100007c0                gpio_init
 .text.panic    0x0000000010000804       0x30 CMakeFiles/mihashi_simple_dual.dir/Users/kurogedelic/pico-sdk/src/rp2_common/pico_platform_panic/panic.c.o
                0x0000000010000804                panic
 .text.hw_claim_or_assert
                0x0000000010000834       0x4c CMakeFiles/mihashi_simple_dual.dir/Users/kurogedelic/pico-sdk/src/common/hardware_claim/claim.c.o
                0x0000000010000834                hw_claim_or_assert
 .text.hw_claim_unused_from_range
                0x0000000010000880       0x90 CMakeFiles/mihashi_simple_dual.dir/Users/kurogedelic/pico-sdk/src/common/hardware_claim/claim.c.o
                0x0000000010000880                hw_claim_unused_from_range
 .text.next_striped_spin_lock_num
                0x0000000010000910       0x18 CMakeFiles/mihashi_simple_dual.dir/Users/kurogedelic/pico-sdk/src/rp2_common/hardware_sync/sync.c.o
                0x0000000010000910                next_striped_spin_lock_num
 .text.spin_lock_claim_unused
                0x0000000010000928       0x24 CMakeFiles/mihashi_simple_dual.dir/Users/kurogedelic/pico-sdk/src/rp2_common/hardware_sync/sync.c.o
                0x0000000010000928                spin_lock_claim_unused
 .text.spinlock_set_extexclall
                0x000000001000094c       0x10 CMakeFiles/mihashi_simple_dual.dir/Users/kurogedelic/pico-sdk/src/rp2_common/hardware_sync_spin_lock/sync_spin_lock.c.o
 .text.spin_locks_reset
                0x000000001000095c       0x18 CMakeFiles/mihashi_simple_dual.dir/Users/kurogedelic/pico-sdk/src/rp2_common/hardware_sync_spin_lock/sync_spin_lock.c.o
                0x000000001000095c                spin_locks_reset
 .text.runtime_init_per_core_irq_priorities
                0x0000000010000974       0x1c CMakeFiles/mihashi_simple_dual.dir/Users/kurogedelic/pico-sdk/src/rp2_common/hardware_irq/irq.c.o
                0x0000000010000974                runtime_init_per_core_irq_priorities
 .text.irq_set_enabled
                0x0000000010000990       0x2c CMakeFiles/mihashi_simple_dual.dir/Users/kurogedelic/pico-sdk/src/rp2_common/hardware_irq/irq.c.o
                0x0000000010000990                irq_set_enabled
 .text.irq_is_enabled
                0x00000000100009bc       0x20 CMakeFiles/mihashi_simple_dual.dir/Users/kurogedelic/pico-sdk/src/rp2_common/hardware_irq/irq.c.o
                0x00000000100009bc                irq_is_enabled
 .text.irq_set_exclusive_handler
                0x00000000100009dc       0x60 CMakeFiles/mihashi_simple_dual.dir/Users/kurogedelic/pico-sdk/src/rp2_common/hardware_irq/irq.c.o
                0x00000000100009dc                irq_set_exclusive_handler
 .text.irq_add_shared_handler
                0x0000000010000a3c      0x1fc CMakeFiles/mihashi_simple_dual.dir/Users/kurogedelic/pico-sdk/src/rp2_common/hardware_irq/irq.c.o
                0x0000000010000a3c                irq_add_shared_handler
 .text.irq_remove_handler
                0x0000000010000c38      0x200 CMakeFiles/mihashi_simple_dual.dir/Users/kurogedelic/pico-sdk/src/rp2_common/hardware_irq/irq.c.o
                0x0000000010000c38                irq_remove_handler
 .text.irq_add_tail_to_free_list
                0x0000000010000e38       0xac CMakeFiles/mihashi_simple_dual.dir/Users/kurogedelic/pico-sdk/src/rp2_common/hardware_irq/irq.c.o
                0x0000000010000e38                irq_add_tail_to_free_list
 .text.lock_init
                0x0000000010000ee4        0xc CMakeFiles/mihashi_simple_dual.dir/Users/kurogedelic/pico-sdk/src/common/pico_sync/lock_core.c.o
                0x0000000010000ee4                lock_init
 .text.mutex_init
                0x0000000010000ef0       0x1c CMakeFiles/mihashi_simple_dual.dir/Users/kurogedelic/pico-sdk/src/common/pico_sync/mutex.c.o
                0x0000000010000ef0                mutex_init
 .text.recursive_mutex_init
                0x0000000010000f0c       0x1c CMakeFiles/mihashi_simple_dual.dir/Users/kurogedelic/pico-sdk/src/common/pico_sync/mutex.c.o
                0x0000000010000f0c                recursive_mutex_init
 .text.runtime_init_mutex
                0x0000000010000f28       0x2c CMakeFiles/mihashi_simple_dual.dir/Users/kurogedelic/pico-sdk/src/common/pico_sync/mutex.c.o
                0x0000000010000f28                runtime_init_mutex
 .text.critical_section_init
                0x0000000010000f54       0x1c CMakeFiles/mihashi_simple_dual.dir/Users/kurogedelic/pico-sdk/src/common/pico_sync/critical_section.c.o
                0x0000000010000f54                critical_section_init
 .text.sleep_until_callback
                0x0000000010000f70       0x40 CMakeFiles/mihashi_simple_dual.dir/Users/kurogedelic/pico-sdk/src/common/pico_time/time.c.o
 .text.alarm_pool_irq_handler
                0x0000000010000fb0      0x374 CMakeFiles/mihashi_simple_dual.dir/Users/kurogedelic/pico-sdk/src/common/pico_time/time.c.o
 .text.alarm_pool_post_alloc_init
                0x0000000010001324       0xb0 CMakeFiles/mihashi_simple_dual.dir/Users/kurogedelic/pico-sdk/src/common/pico_time/time.c.o
 .text.runtime_init_default_alarm_pool
                0x00000000100013d4       0x40 CMakeFiles/mihashi_simple_dual.dir/Users/kurogedelic/pico-sdk/src/common/pico_time/time.c.o
                0x00000000100013d4                runtime_init_default_alarm_pool
 .text.alarm_pool_add_alarm_at_force_in_context
                0x0000000010001414       0xbc CMakeFiles/mihashi_simple_dual.dir/Users/kurogedelic/pico-sdk/src/common/pico_time/time.c.o
                0x0000000010001414                alarm_pool_add_alarm_at_force_in_context
 .text.alarm_pool_add_alarm_at
                0x00000000100014d0       0x48 CMakeFiles/mihashi_simple_dual.dir/Users/kurogedelic/pico-sdk/src/common/pico_time/time.c.o
                0x00000000100014d0                alarm_pool_add_alarm_at
 .text.alarm_pool_cancel_alarm
                0x0000000010001518       0x7c CMakeFiles/mihashi_simple_dual.dir/Users/kurogedelic/pico-sdk/src/common/pico_time/time.c.o
                0x0000000010001518                alarm_pool_cancel_alarm
 .text.sleep_until
                0x0000000010001594       0xb4 CMakeFiles/mihashi_simple_dual.dir/Users/kurogedelic/pico-sdk/src/common/pico_time/time.c.o
                0x0000000010001594                sleep_until
 .text.sleep_us
                0x0000000010001648       0x2c CMakeFiles/mihashi_simple_dual.dir/Users/kurogedelic/pico-sdk/src/common/pico_time/time.c.o
                0x0000000010001648                sleep_us
 .text.sleep_ms
                0x0000000010001674        0xc CMakeFiles/mihashi_simple_dual.dir/Users/kurogedelic/pico-sdk/src/common/pico_time/time.c.o
                0x0000000010001674                sleep_ms
 .text.best_effort_wfe_or_timeout
                0x0000000010001680       0xc4 CMakeFiles/mihashi_simple_dual.dir/Users/kurogedelic/pico-sdk/src/common/pico_time/time.c.o
                0x0000000010001680                best_effort_wfe_or_timeout
 .text.timer_hardware_alarm_claim
                0x0000000010001744       0x24 CMakeFiles/mihashi_simple_dual.dir/Users/kurogedelic/pico-sdk/src/rp2_common/hardware_timer/timer.c.o
                0x0000000010001744                timer_hardware_alarm_claim
 .text.timer_time_us_64
                0x0000000010001768       0x10 CMakeFiles/mihashi_simple_dual.dir/Users/kurogedelic/pico-sdk/src/rp2_common/hardware_timer/timer.c.o
                0x0000000010001768                timer_time_us_64
 .text.time_us_64
                0x0000000010001778       0x18 CMakeFiles/mihashi_simple_dual.dir/Users/kurogedelic/pico-sdk/src/rp2_common/hardware_timer/timer.c.o
                0x0000000010001778                time_us_64
 .text.busy_wait_us
                0x0000000010001790       0x64 CMakeFiles/mihashi_simple_dual.dir/Users/kurogedelic/pico-sdk/src/rp2_common/hardware_timer/timer.c.o
                0x0000000010001790                busy_wait_us
 .text.busy_wait_until
                0x00000000100017f4       0x24 CMakeFiles/mihashi_simple_dual.dir/Users/kurogedelic/pico-sdk/src/rp2_common/hardware_timer/timer.c.o
                0x00000000100017f4                busy_wait_until
 .text.uart_disable_before_lcr_write
                0x0000000010001818       0x40 CMakeFiles/mihashi_simple_dual.dir/Users/kurogedelic/pico-sdk/src/rp2_common/hardware_uart/uart.c.o
 .text.uart_set_baudrate
                0x0000000010001858       0x6c CMakeFiles/mihashi_simple_dual.dir/Users/kurogedelic/pico-sdk/src/rp2_common/hardware_uart/uart.c.o
                0x0000000010001858                uart_set_baudrate
 .text.uart_init
                0x00000000100018c4       0x80 CMakeFiles/mihashi_simple_dual.dir/Users/kurogedelic/pico-sdk/src/rp2_common/hardware_uart/uart.c.o
                0x00000000100018c4                uart_init
 .text.clock_configure_internal
                0x0000000010001944       0xc0 CMakeFiles/mihashi_simple_dual.dir/Users/kurogedelic/pico-sdk/src/rp2_common/hardware_clocks/clocks.c.o
 .text.clock_configure_undivided
                0x0000000010001a04       0x14 CMakeFiles/mihashi_simple_dual.dir/Users/kurogedelic/pico-sdk/src/rp2_common/hardware_clocks/clocks.c.o
                0x0000000010001a04                clock_configure_undivided
 .text.clock_get_hz
                0x0000000010001a18        0xc CMakeFiles/mihashi_simple_dual.dir/Users/kurogedelic/pico-sdk/src/rp2_common/hardware_clocks/clocks.c.o
                0x0000000010001a18                clock_get_hz
 .text.set_sys_clock_pll
                0x0000000010001a24       0x74 CMakeFiles/mihashi_simple_dual.dir/Users/kurogedelic/pico-sdk/src/rp2_common/hardware_clocks/clocks.c.o
                0x0000000010001a24                set_sys_clock_pll
 .text.check_sys_clock_khz
                0x0000000010001a98       0x80 CMakeFiles/mihashi_simple_dual.dir/Users/kurogedelic/pico-sdk/src/rp2_common/hardware_clocks/clocks.c.o
                0x0000000010001a98                check_sys_clock_khz
 .text.pll_init
                0x0000000010001b18       0x8c CMakeFiles/mihashi_simple_dual.dir/Users/kurogedelic/pico-sdk/src/rp2_common/hardware_pll/pll.c.o
                0x0000000010001b18                pll_init
 .text.tick_start
                0x0000000010001ba4       0x18 CMakeFiles/mihashi_simple_dual.dir/Users/kurogedelic/pico-sdk/src/rp2_common/hardware_ticks/ticks.c.o
                0x0000000010001ba4                tick_start
 .text.rom_func_lookup
                0x0000000010001bbc       0x18 CMakeFiles/mihashi_simple_dual.dir/Users/kurogedelic/pico-sdk/src/rp2_common/pico_bootrom/bootrom.c.o
                0x0000000010001bbc                rom_func_lookup
 .text.runtime_init_bootrom_locking_enable
                0x0000000010001bd4       0x14 CMakeFiles/mihashi_simple_dual.dir/Users/kurogedelic/pico-sdk/src/rp2_common/pico_bootrom/bootrom_lock.c.o
                0x0000000010001bd4                runtime_init_bootrom_locking_enable
 .text.runtime_init_boot_locks_reset
                0x0000000010001be8       0x1c CMakeFiles/mihashi_simple_dual.dir/Users/kurogedelic/pico-sdk/src/rp2_common/hardware_boot_lock/boot_lock.c.o
                0x0000000010001be8                runtime_init_boot_locks_reset
 .text.xosc_init
                0x0000000010001c04       0x30 CMakeFiles/mihashi_simple_dual.dir/Users/kurogedelic/pico-sdk/src/rp2_common/hardware_xosc/xosc.c.o
                0x0000000010001c04                xosc_init
 .text.first_per_core_initializer
                0x0000000010001c34        0x4 CMakeFiles/mihashi_simple_dual.dir/Users/kurogedelic/pico-sdk/src/rp2_common/pico_runtime/runtime.c.o
 .text.hard_assertion_failure
                0x0000000010001c38        0xc CMakeFiles/mihashi_simple_dual.dir/Users/kurogedelic/pico-sdk/src/rp2_common/pico_runtime/runtime.c.o
                0x0000000010001c38                hard_assertion_failure
 .text.runtime_run_initializers
                0x0000000010001c44       0x2c CMakeFiles/mihashi_simple_dual.dir/Users/kurogedelic/pico-sdk/src/rp2_common/pico_runtime/runtime.c.o
                0x0000000010001c44                runtime_run_initializers
 .text.runtime_run_per_core_initializers
                0x0000000010001c70       0x2c CMakeFiles/mihashi_simple_dual.dir/Users/kurogedelic/pico-sdk/src/rp2_common/pico_runtime/runtime.c.o
                0x0000000010001c70                runtime_run_per_core_initializers
 .text.runtime_init_early_resets
                0x0000000010001c9c       0x34 CMakeFiles/mihashi_simple_dual.dir/Users/kurogedelic/pico-sdk/src/rp2_common/pico_runtime_init/runtime_init.c.o
                0x0000000010001c9c                runtime_init_early_resets
 .text.runtime_init_usb_power_down
                0x0000000010001cd0       0x1c CMakeFiles/mihashi_simple_dual.dir/Users/kurogedelic/pico-sdk/src/rp2_common/pico_runtime_init/runtime_init.c.o
                0x0000000010001cd0                runtime_init_usb_power_down
 .text.runtime_init_per_core_enable_coprocessors
                0x0000000010001cec       0x1c CMakeFiles/mihashi_simple_dual.dir/Users/kurogedelic/pico-sdk/src/rp2_common/pico_runtime_init/runtime_init.c.o
                0x0000000010001cec                runtime_init_per_core_enable_coprocessors
 .text.runtime_init_post_clock_resets
                0x0000000010001d08       0x20 CMakeFiles/mihashi_simple_dual.dir/Users/kurogedelic/pico-sdk/src/rp2_common/pico_runtime_init/runtime_init.c.o
                0x0000000010001d08                runtime_init_post_clock_resets
 .text.runtime_init_bootrom_reset
                0x0000000010001d28       0x14 CMakeFiles/mihashi_simple_dual.dir/Users/kurogedelic/pico-sdk/src/rp2_common/pico_runtime_init/runtime_init.c.o
                0x0000000010001d28                runtime_init_bootrom_reset
 .text.runtime_init_per_core_bootrom_reset
                0x0000000010001d3c       0x14 CMakeFiles/mihashi_simple_dual.dir/Users/kurogedelic/pico-sdk/src/rp2_common/pico_runtime_init/runtime_init.c.o
                0x0000000010001d3c                runtime_init_per_core_bootrom_reset
 .text.runtime_init_spin_locks_reset
                0x0000000010001d50        0x4 CMakeFiles/mihashi_simple_dual.dir/Users/kurogedelic/pico-sdk/src/rp2_common/pico_runtime_init/runtime_init.c.o
                0x0000000010001d50                runtime_init_spin_locks_reset
 .text.runtime_init_install_ram_vector_table
                0x0000000010001d54       0x20 CMakeFiles/mihashi_simple_dual.dir/Users/kurogedelic/pico-sdk/src/rp2_common/pico_runtime_init/runtime_init.c.o
                0x0000000010001d54                runtime_init_install_ram_vector_table
 .text.runtime_init_clocks
                0x0000000010001d74       0xe4 CMakeFiles/mihashi_simple_dual.dir/Users/kurogedelic/pico-sdk/src/rp2_common/pico_runtime_init/runtime_init_clocks.c.o
                0x0000000010001d74                runtime_init_clocks
 .text.__rp2350_dcp_engaged_state_save_restore
                0x0000000010001e58       0x3a CMakeFiles/mihashi_simple_dual.dir/Users/kurogedelic/pico-sdk/src/rp2_common/pico_double/double_aeabi_dcp.S.o
 *fill*         0x0000000010001e92        0x2 
 .text.__wrap___aeabi_dadd
                0x0000000010001e94       0x28 CMakeFiles/mihashi_simple_dual.dir/Users/kurogedelic/pico-sdk/src/rp2_common/pico_double/double_aeabi_dcp.S.o
                0x0000000010001e9c                __wrap___aeabi_dadd
 .text.__wrap___aeabi_dsub
                0x0000000010001ebc       0x28 CMakeFiles/mihashi_simple_dual.dir/Users/kurogedelic/pico-sdk/src/rp2_common/pico_double/double_aeabi_dcp.S.o
                0x0000000010001ec4                __wrap___aeabi_dsub
 .text.__wrap___aeabi_dmul
                0x0000000010001ee4       0x4c CMakeFiles/mihashi_simple_dual.dir/Users/kurogedelic/pico-sdk/src/rp2_common/pico_double/double_aeabi_dcp.S.o
                0x0000000010001eec                __wrap___aeabi_dmul
 .text.__wrap___aeabi_ddiv
                0x0000000010001f30       0x9c CMakeFiles/mihashi_simple_dual.dir/Users/kurogedelic/pico-sdk/src/rp2_common/pico_double/double_aeabi_dcp.S.o
                0x0000000010001f38                __wrap___aeabi_ddiv
 .text.__wrap___aeabi_i2d
                0x0000000010001fcc       0x24 CMakeFiles/mihashi_simple_dual.dir/Users/kurogedelic/pico-sdk/src/rp2_common/pico_double/double_aeabi_dcp.S.o
                0x0000000010001fd4                __wrap___aeabi_i2d
                0x0000000010001fd4                int2double
 .text.__wrap___aeabi_ui2d
                0x0000000010001ff0       0x24 CMakeFiles/mihashi_simple_dual.dir/Users/kurogedelic/pico-sdk/src/rp2_common/pico_double/double_aeabi_dcp.S.o
                0x0000000010001ff8                __wrap___aeabi_ui2d
                0x0000000010001ff8                uint2double
 .text.__wrap___aeabi_d2iz
                0x0000000010002014       0x24 CMakeFiles/mihashi_simple_dual.dir/Users/kurogedelic/pico-sdk/src/rp2_common/pico_double/double_aeabi_dcp.S.o
                0x000000001000201c                __wrap___aeabi_d2iz
                0x000000001000201c                double2int_z
 .text.__wrap___aeabi_d2uiz
                0x0000000010002038       0x24 CMakeFiles/mihashi_simple_dual.dir/Users/kurogedelic/pico-sdk/src/rp2_common/pico_double/double_aeabi_dcp.S.o
                0x0000000010002040                double2uint_z
                0x0000000010002040                double2uint
                0x0000000010002040                __wrap___aeabi_d2uiz
 .text.__wrap___aeabi_dcmpun
                0x000000001000205c       0x24 CMakeFiles/mihashi_simple_dual.dir/Users/kurogedelic/pico-sdk/src/rp2_common/pico_double/double_aeabi_dcp.S.o
                0x0000000010002064                __wrap___aeabi_dcmpun
 .text.__wrap___aeabi_dcmplt
                0x0000000010002080       0x28 CMakeFiles/mihashi_simple_dual.dir/Users/kurogedelic/pico-sdk/src/rp2_common/pico_double/double_aeabi_dcp.S.o
                0x0000000010002088                __wrap___aeabi_dcmplt
 .text.__wrap___aeabi_dcmple
                0x00000000100020a8       0x28 CMakeFiles/mihashi_simple_dual.dir/Users/kurogedelic/pico-sdk/src/rp2_common/pico_double/double_aeabi_dcp.S.o
                0x00000000100020b0                __wrap___aeabi_dcmple
 .text.__wrap___aeabi_dcmpge
                0x00000000100020d0       0x28 CMakeFiles/mihashi_simple_dual.dir/Users/kurogedelic/pico-sdk/src/rp2_common/pico_double/double_aeabi_dcp.S.o
                0x00000000100020d8                __wrap___aeabi_dcmpge
 .text.__wrap___aeabi_dcmpgt
                0x00000000100020f8       0x28 CMakeFiles/mihashi_simple_dual.dir/Users/kurogedelic/pico-sdk/src/rp2_common/pico_double/double_aeabi_dcp.S.o
                0x0000000010002100                __wrap___aeabi_dcmpgt
 .text._out_null
                0x0000000010002120        0x4 CMakeFiles/mihashi_simple_dual.dir/Users/kurogedelic/pico-sdk/src/rp2_common/pico_printf/printf.c.o
 .text._out_rev
                0x0000000010002124       0xa0 CMakeFiles/mihashi_simple_dual.dir/Users/kurogedelic/pico-sdk/src/rp2_common/pico_printf/printf.c.o
 .text._ntoa_format
                0x00000000100021c4      0x1d8 CMakeFiles/mihashi_simple_dual.dir/Users/kurogedelic/pico-sdk/src/rp2_common/pico_printf/printf.c.o
 .text._ntoa_long
                0x000000001000239c       0x94 CMakeFiles/mihashi_simple_dual.dir/Users/kurogedelic/pico-sdk/src/rp2_common/pico_printf/printf.c.o
 .text._ntoa_long_long
                0x0000000010002430       0xc4 CMakeFiles/mihashi_simple_dual.dir/Users/kurogedelic/pico-sdk/src/rp2_common/pico_printf/printf.c.o
 .text._out_char
                0x00000000100024f4        0x8 CMakeFiles/mihashi_simple_dual.dir/Users/kurogedelic/pico-sdk/src/rp2_common/pico_printf/printf.c.o
 .text._out_fct
                0x00000000100024fc        0xc CMakeFiles/mihashi_simple_dual.dir/Users/kurogedelic/pico-sdk/src/rp2_common/pico_printf/printf.c.o
 .text._etoa    0x0000000010002508      0x428 CMakeFiles/mihashi_simple_dual.dir/Users/kurogedelic/pico-sdk/src/rp2_common/pico_printf/printf.c.o
 .text._ftoa    0x0000000010002930      0x41c CMakeFiles/mihashi_simple_dual.dir/Users/kurogedelic/pico-sdk/src/rp2_common/pico_printf/printf.c.o
 .text._vsnprintf
                0x0000000010002d4c      0x710 CMakeFiles/mihashi_simple_dual.dir/Users/kurogedelic/pico-sdk/src/rp2_common/pico_printf/printf.c.o
 .text.vfctprintf
                0x000000001000345c       0x24 CMakeFiles/mihashi_simple_dual.dir/Users/kurogedelic/pico-sdk/src/rp2_common/pico_printf/printf.c.o
                0x000000001000345c                vfctprintf
 .text.weak_raw_vprintf
                0x0000000010003480       0x30 CMakeFiles/mihashi_simple_dual.dir/Users/kurogedelic/pico-sdk/src/rp2_common/pico_printf/printf.c.o
                0x0000000010003480                weak_raw_vprintf
 .text._exit    0x00000000100034b0        0x4 CMakeFiles/mihashi_simple_dual.dir/Users/kurogedelic/pico-sdk/src/rp2_common/pico_clib_interface/newlib_interface.c.o
                0x00000000100034b0                _exit
 .text.exit     0x00000000100034b4        0x8 CMakeFiles/mihashi_simple_dual.dir/Users/kurogedelic/pico-sdk/src/rp2_common/pico_clib_interface/newlib_interface.c.o
                0x00000000100034b4                exit
 .text.runtime_init
                0x00000000100034bc       0x30 CMakeFiles/mihashi_simple_dual.dir/Users/kurogedelic/pico-sdk/src/rp2_common/pico_clib_interface/newlib_interface.c.o
                0x00000000100034bc                runtime_init
 .text.stdio_out_chars_no_crlf
                0x00000000100034ec        0x8 CMakeFiles/mihashi_simple_dual.dir/Users/kurogedelic/pico-sdk/src/rp2_common/pico_stdio/stdio.c.o
 .text.stdio_out_chars_crlf
                0x00000000100034f4       0x98 CMakeFiles/mihashi_simple_dual.dir/Users/kurogedelic/pico-sdk/src/rp2_common/pico_stdio/stdio.c.o
 .text.stdio_stack_buffer_flush.part.0
                0x000000001000358c       0x40 CMakeFiles/mihashi_simple_dual.dir/Users/kurogedelic/pico-sdk/src/rp2_common/pico_stdio/stdio.c.o
 .text.stdio_buffered_printer
                0x00000000100035cc       0x28 CMakeFiles/mihashi_simple_dual.dir/Users/kurogedelic/pico-sdk/src/rp2_common/pico_stdio/stdio.c.o
 .text.stdout_serialize_begin
                0x00000000100035f4       0x38 CMakeFiles/mihashi_simple_dual.dir/Users/kurogedelic/pico-sdk/src/rp2_common/pico_stdio/stdio.c.o
                0x00000000100035f4                stdout_serialize_begin
 .text.stdio_put_string
                0x000000001000362c       0xa0 CMakeFiles/mihashi_simple_dual.dir/Users/kurogedelic/pico-sdk/src/rp2_common/pico_stdio/stdio.c.o
                0x000000001000362c                stdio_put_string
 .text.stdio_set_driver_enabled
                0x00000000100036cc       0x28 CMakeFiles/mihashi_simple_dual.dir/Users/kurogedelic/pico-sdk/src/rp2_common/pico_stdio/stdio.c.o
                0x00000000100036cc                stdio_set_driver_enabled
 .text.stdio_init_all
                0x00000000100036f4        0xc CMakeFiles/mihashi_simple_dual.dir/Users/kurogedelic/pico-sdk/src/rp2_common/pico_stdio/stdio.c.o
                0x00000000100036f4                stdio_init_all
 .text.__wrap_putchar
                0x0000000010003700       0x20 CMakeFiles/mihashi_simple_dual.dir/Users/kurogedelic/pico-sdk/src/rp2_common/pico_stdio/stdio.c.o
                0x0000000010003700                stdio_putchar
                0x0000000010003700                __wrap_putchar
 .text.__wrap_puts
                0x0000000010003720       0x30 CMakeFiles/mihashi_simple_dual.dir/Users/kurogedelic/pico-sdk/src/rp2_common/pico_stdio/stdio.c.o
                0x0000000010003720                __wrap_puts
                0x0000000010003720                stdio_puts
 .text.__wrap_vprintf
                0x0000000010003750       0x5c CMakeFiles/mihashi_simple_dual.dir/Users/kurogedelic/pico-sdk/src/rp2_common/pico_stdio/stdio.c.o
                0x0000000010003750                __wrap_vprintf
                0x0000000010003750                stdio_vprintf
 .text.__wrap_printf
                0x00000000100037ac       0x1c CMakeFiles/mihashi_simple_dual.dir/Users/kurogedelic/pico-sdk/src/rp2_common/pico_stdio/stdio.c.o
                0x00000000100037ac                stdio_printf
                0x00000000100037ac                __wrap_printf
 .text.stdio_uart_out_chars
                0x00000000100037c8       0x50 CMakeFiles/mihashi_simple_dual.dir/Users/kurogedelic/pico-sdk/src/rp2_common/pico_stdio_uart/stdio_uart.c.o
 .text.stdio_uart_in_chars
                0x0000000010003818       0x84 CMakeFiles/mihashi_simple_dual.dir/Users/kurogedelic/pico-sdk/src/rp2_common/pico_stdio_uart/stdio_uart.c.o
                0x0000000010003818                stdio_uart_in_chars
 .text.on_uart_rx
                0x000000001000389c       0x24 CMakeFiles/mihashi_simple_dual.dir/Users/kurogedelic/pico-sdk/src/rp2_common/pico_stdio_uart/stdio_uart.c.o
 .text.stdio_uart_out_flush
                0x00000000100038c0       0x10 CMakeFiles/mihashi_simple_dual.dir/Users/kurogedelic/pico-sdk/src/rp2_common/pico_stdio_uart/stdio_uart.c.o
 .text.stdio_uart_set_chars_available_callback
                0x00000000100038d0       0x84 CMakeFiles/mihashi_simple_dual.dir/Users/kurogedelic/pico-sdk/src/rp2_common/pico_stdio_uart/stdio_uart.c.o
 .text.stdio_uart_init_full
                0x0000000010003954       0x4c CMakeFiles/mihashi_simple_dual.dir/Users/kurogedelic/pico-sdk/src/rp2_common/pico_stdio_uart/stdio_uart.c.o
                0x0000000010003954                stdio_uart_init_full
 .text.stdio_uart_init
                0x00000000100039a0       0x2c CMakeFiles/mihashi_simple_dual.dir/Users/kurogedelic/pico-sdk/src/rp2_common/pico_stdio_uart/stdio_uart.c.o
                0x00000000100039a0                stdio_uart_init
 .text.core1_trampoline
                0x00000000100039cc        0x4 CMakeFiles/mihashi_simple_dual.dir/Users/kurogedelic/pico-sdk/src/rp2_common/pico_multicore/multicore.c.o
 .text.core1_wrapper
                0x00000000100039d0       0x10 CMakeFiles/mihashi_simple_dual.dir/Users/kurogedelic/pico-sdk/src/rp2_common/pico_multicore/multicore.c.o
                0x00000000100039d0                core1_wrapper
 .text.multicore_launch_core1_raw
                0x00000000100039e0       0x84 CMakeFiles/mihashi_simple_dual.dir/Users/kurogedelic/pico-sdk/src/rp2_common/pico_multicore/multicore.c.o
                0x00000000100039e0                multicore_launch_core1_raw
 .text.multicore_launch_core1
                0x0000000010003a64       0x44 CMakeFiles/mihashi_simple_dual.dir/Users/kurogedelic/pico-sdk/src/rp2_common/pico_multicore/multicore.c.o
                0x0000000010003a64                multicore_launch_core1
 .text.hw_endpoint_init
                0x0000000010003aa8       0x8c CMakeFiles/mihashi_simple_dual.dir/Users/kurogedelic/pico-sdk/lib/tinyusb/src/portable/raspberrypi/rp2040/dcd_rp2040.c.o
 .text.hw_endpoint_alloc.isra.0
                0x0000000010003b34       0x38 CMakeFiles/mihashi_simple_dual.dir/Users/kurogedelic/pico-sdk/lib/tinyusb/src/portable/raspberrypi/rp2040/dcd_rp2040.c.o
 .text.hw_endpoint_open
                0x0000000010003b6c       0x48 CMakeFiles/mihashi_simple_dual.dir/Users/kurogedelic/pico-sdk/lib/tinyusb/src/portable/raspberrypi/rp2040/dcd_rp2040.c.o
 .text.dcd_init
                0x0000000010003bb4       0x68 CMakeFiles/mihashi_simple_dual.dir/Users/kurogedelic/pico-sdk/lib/tinyusb/src/portable/raspberrypi/rp2040/dcd_rp2040.c.o
                0x0000000010003bb4                dcd_init
 .text.dcd_int_enable
                0x0000000010003c1c        0x8 CMakeFiles/mihashi_simple_dual.dir/Users/kurogedelic/pico-sdk/lib/tinyusb/src/portable/raspberrypi/rp2040/dcd_rp2040.c.o
                0x0000000010003c1c                dcd_int_enable
 .text.dcd_set_address
                0x0000000010003c24       0x10 CMakeFiles/mihashi_simple_dual.dir/Users/kurogedelic/pico-sdk/lib/tinyusb/src/portable/raspberrypi/rp2040/dcd_rp2040.c.o
                0x0000000010003c24                dcd_set_address
 .text.dcd_sof_enable
                0x0000000010003c34       0x1c CMakeFiles/mihashi_simple_dual.dir/Users/kurogedelic/pico-sdk/lib/tinyusb/src/portable/raspberrypi/rp2040/dcd_rp2040.c.o
                0x0000000010003c34                dcd_sof_enable
 .text.dcd_edpt0_status_complete
                0x0000000010003c50       0x1c CMakeFiles/mihashi_simple_dual.dir/Users/kurogedelic/pico-sdk/lib/tinyusb/src/portable/raspberrypi/rp2040/dcd_rp2040.c.o
                0x0000000010003c50                dcd_edpt0_status_complete
 .text.dcd_edpt_open
                0x0000000010003c6c       0x24 CMakeFiles/mihashi_simple_dual.dir/Users/kurogedelic/pico-sdk/lib/tinyusb/src/portable/raspberrypi/rp2040/dcd_rp2040.c.o
                0x0000000010003c6c                dcd_edpt_open
 .text.dcd_edpt_close_all
                0x0000000010003c90        0x4 CMakeFiles/mihashi_simple_dual.dir/Users/kurogedelic/pico-sdk/lib/tinyusb/src/portable/raspberrypi/rp2040/dcd_rp2040.c.o
                0x0000000010003c90                dcd_edpt_close_all
 .text.dcd_edpt_xfer
                0x0000000010003c94       0x24 CMakeFiles/mihashi_simple_dual.dir/Users/kurogedelic/pico-sdk/lib/tinyusb/src/portable/raspberrypi/rp2040/dcd_rp2040.c.o
                0x0000000010003c94                dcd_edpt_xfer
 .text.dcd_edpt_stall
                0x0000000010003cb8       0x30 CMakeFiles/mihashi_simple_dual.dir/Users/kurogedelic/pico-sdk/lib/tinyusb/src/portable/raspberrypi/rp2040/dcd_rp2040.c.o
                0x0000000010003cb8                dcd_edpt_stall
 .text.dcd_edpt_clear_stall
                0x0000000010003ce8       0x2c CMakeFiles/mihashi_simple_dual.dir/Users/kurogedelic/pico-sdk/lib/tinyusb/src/portable/raspberrypi/rp2040/dcd_rp2040.c.o
                0x0000000010003ce8                dcd_edpt_clear_stall
 .text.rp2040_usb_init
                0x0000000010003d14       0x40 CMakeFiles/mihashi_simple_dual.dir/Users/kurogedelic/pico-sdk/lib/tinyusb/src/portable/raspberrypi/rp2040/rp2040_usb.c.o
                0x0000000010003d14                rp2040_usb_init
 .text.hw_endpoint_xfer_start
                0x0000000010003d54       0x4c CMakeFiles/mihashi_simple_dual.dir/Users/kurogedelic/pico-sdk/lib/tinyusb/src/portable/raspberrypi/rp2040/rp2040_usb.c.o
                0x0000000010003d54                hw_endpoint_xfer_start
 .text.tud_vendor_control_xfer_cb
                0x0000000010003da0        0x4 CMakeFiles/mihashi_simple_dual.dir/Users/kurogedelic/pico-sdk/lib/tinyusb/src/device/usbd.c.o
                0x0000000010003da0                tud_vendor_control_xfer_cb
 .text.configuration_reset
                0x0000000010003da4       0x8c CMakeFiles/mihashi_simple_dual.dir/Users/kurogedelic/pico-sdk/lib/tinyusb/src/device/usbd.c.o
 .text.tud_event_hook_cb
                0x0000000010003e30        0x4 CMakeFiles/mihashi_simple_dual.dir/Users/kurogedelic/pico-sdk/lib/tinyusb/src/device/usbd.c.o
                0x0000000010003e30                tud_event_hook_cb
 .text.tud_sof_cb
                0x0000000010003e34        0x4 CMakeFiles/mihashi_simple_dual.dir/Users/kurogedelic/pico-sdk/lib/tinyusb/src/device/usbd.c.o
                0x0000000010003e34                tud_sof_cb
 .text.tud_descriptor_bos_cb
                0x0000000010003e38        0x4 CMakeFiles/mihashi_simple_dual.dir/Users/kurogedelic/pico-sdk/lib/tinyusb/src/device/usbd.c.o
                0x0000000010003e38                tud_descriptor_bos_cb
 .text.tud_descriptor_device_qualifier_cb
                0x0000000010003e3c        0x4 CMakeFiles/mihashi_simple_dual.dir/Users/kurogedelic/pico-sdk/lib/tinyusb/src/device/usbd.c.o
                0x0000000010003e3c                tud_descriptor_device_qualifier_cb
 .text.tud_descriptor_other_speed_configuration_cb
                0x0000000010003e40        0x4 CMakeFiles/mihashi_simple_dual.dir/Users/kurogedelic/pico-sdk/lib/tinyusb/src/device/usbd.c.o
                0x0000000010003e40                tud_descriptor_other_speed_configuration_cb
 .text.tud_mount_cb
                0x0000000010003e44        0x4 CMakeFiles/mihashi_simple_dual.dir/Users/kurogedelic/pico-sdk/lib/tinyusb/src/device/usbd.c.o
                0x0000000010003e44                tud_mount_cb
 .text.tud_umount_cb
                0x0000000010003e48        0x4 CMakeFiles/mihashi_simple_dual.dir/Users/kurogedelic/pico-sdk/lib/tinyusb/src/device/usbd.c.o
                0x0000000010003e48                tud_umount_cb
 .text.tud_suspend_cb
                0x0000000010003e4c        0x4 CMakeFiles/mihashi_simple_dual.dir/Users/kurogedelic/pico-sdk/lib/tinyusb/src/device/usbd.c.o
                0x0000000010003e4c                tud_suspend_cb
 .text.tud_resume_cb
                0x0000000010003e50        0x4 CMakeFiles/mihashi_simple_dual.dir/Users/kurogedelic/pico-sdk/lib/tinyusb/src/device/usbd.c.o
                0x0000000010003e50                tud_resume_cb
 .text.tud_rhport_init
                0x0000000010003e54      0x10c CMakeFiles/mihashi_simple_dual.dir/Users/kurogedelic/pico-sdk/lib/tinyusb/src/device/usbd.c.o
                0x0000000010003e54                tud_rhport_init
 .text.tud_task_ext
                0x0000000010003f60      0x75c CMakeFiles/mihashi_simple_dual.dir/Users/kurogedelic/pico-sdk/lib/tinyusb/src/device/usbd.c.o
                0x0000000010003f60                tud_task_ext
 .text.usbd_edpt_open
                0x00000000100046bc       0x44 CMakeFiles/mihashi_simple_dual.dir/Users/kurogedelic/pico-sdk/lib/tinyusb/src/device/usbd.c.o
                0x00000000100046bc                usbd_edpt_open
 .text.usbd_edpt_claim
                0x0000000010004700       0x20 CMakeFiles/mihashi_simple_dual.dir/Users/kurogedelic/pico-sdk/lib/tinyusb/src/device/usbd.c.o
                0x0000000010004700                usbd_edpt_claim
 .text.usbd_edpt_release
                0x0000000010004720       0x20 CMakeFiles/mihashi_simple_dual.dir/Users/kurogedelic/pico-sdk/lib/tinyusb/src/device/usbd.c.o
                0x0000000010004720                usbd_edpt_release
 .text.usbd_edpt_xfer
                0x0000000010004740       0x64 CMakeFiles/mihashi_simple_dual.dir/Users/kurogedelic/pico-sdk/lib/tinyusb/src/device/usbd.c.o
                0x0000000010004740                usbd_edpt_xfer
 .text.data_stage_xact
                0x00000000100047a4       0x70 CMakeFiles/mihashi_simple_dual.dir/Users/kurogedelic/pico-sdk/lib/tinyusb/src/device/usbd_control.c.o
 .text.tud_control_status
                0x0000000010004814       0x34 CMakeFiles/mihashi_simple_dual.dir/Users/kurogedelic/pico-sdk/lib/tinyusb/src/device/usbd_control.c.o
                0x0000000010004814                tud_control_status
 .text.tud_control_xfer
                0x0000000010004848       0x74 CMakeFiles/mihashi_simple_dual.dir/Users/kurogedelic/pico-sdk/lib/tinyusb/src/device/usbd_control.c.o
                0x0000000010004848                tud_control_xfer
 .text.usbd_control_reset
                0x00000000100048bc       0x14 CMakeFiles/mihashi_simple_dual.dir/Users/kurogedelic/pico-sdk/lib/tinyusb/src/device/usbd_control.c.o
                0x00000000100048bc                usbd_control_reset
 .text.usbd_control_set_complete_callback
                0x00000000100048d0        0xc CMakeFiles/mihashi_simple_dual.dir/Users/kurogedelic/pico-sdk/lib/tinyusb/src/device/usbd_control.c.o
                0x00000000100048d0                usbd_control_set_complete_callback
 .text.usbd_control_set_request
                0x00000000100048dc       0x1c CMakeFiles/mihashi_simple_dual.dir/Users/kurogedelic/pico-sdk/lib/tinyusb/src/device/usbd_control.c.o
                0x00000000100048dc                usbd_control_set_request
 .text.usbd_control_xfer_cb
                0x00000000100048f8       0xc8 CMakeFiles/mihashi_simple_dual.dir/Users/kurogedelic/pico-sdk/lib/tinyusb/src/device/usbd_control.c.o
                0x00000000100048f8                usbd_control_xfer_cb
 .text._prep_out_transaction
                0x00000000100049c0       0x68 CMakeFiles/mihashi_simple_dual.dir/Users/kurogedelic/pico-sdk/lib/tinyusb/src/class/midi/midi_device.c.o
 .text.write_flush
                0x0000000010004a28       0x74 CMakeFiles/mihashi_simple_dual.dir/Users/kurogedelic/pico-sdk/lib/tinyusb/src/class/midi/midi_device.c.o
 .text.tud_midi_n_packet_read
                0x0000000010004a9c       0x3c CMakeFiles/mihashi_simple_dual.dir/Users/kurogedelic/pico-sdk/lib/tinyusb/src/class/midi/midi_device.c.o
                0x0000000010004a9c                tud_midi_n_packet_read
 .text.tud_midi_n_packet_write
                0x0000000010004ad8       0x40 CMakeFiles/mihashi_simple_dual.dir/Users/kurogedelic/pico-sdk/lib/tinyusb/src/class/midi/midi_device.c.o
                0x0000000010004ad8                tud_midi_n_packet_write
 .text.midid_init
                0x0000000010004b18       0x5c CMakeFiles/mihashi_simple_dual.dir/Users/kurogedelic/pico-sdk/lib/tinyusb/src/class/midi/midi_device.c.o
                0x0000000010004b18                midid_init
 .text.midid_deinit
                0x0000000010004b74       0x20 CMakeFiles/mihashi_simple_dual.dir/Users/kurogedelic/pico-sdk/lib/tinyusb/src/class/midi/midi_device.c.o
                0x0000000010004b74                midid_deinit
 .text.midid_reset
                0x0000000010004b94       0x28 CMakeFiles/mihashi_simple_dual.dir/Users/kurogedelic/pico-sdk/lib/tinyusb/src/class/midi/midi_device.c.o
                0x0000000010004b94                midid_reset
 .text.midid_open
                0x0000000010004bbc       0xfc CMakeFiles/mihashi_simple_dual.dir/Users/kurogedelic/pico-sdk/lib/tinyusb/src/class/midi/midi_device.c.o
                0x0000000010004bbc                midid_open
 .text.midid_control_xfer_cb
                0x0000000010004cb8        0x4 CMakeFiles/mihashi_simple_dual.dir/Users/kurogedelic/pico-sdk/lib/tinyusb/src/class/midi/midi_device.c.o
                0x0000000010004cb8                midid_control_xfer_cb
 .text.midid_xfer_cb
                0x0000000010004cbc       0x98 CMakeFiles/mihashi_simple_dual.dir/Users/kurogedelic/pico-sdk/lib/tinyusb/src/class/midi/midi_device.c.o
                0x0000000010004cbc                midid_xfer_cb
 .text.tu_edpt_claim
                0x0000000010004d54       0x54 CMakeFiles/mihashi_simple_dual.dir/Users/kurogedelic/pico-sdk/lib/tinyusb/src/tusb.c.o
                0x0000000010004d54                tu_edpt_claim
 .text.tu_edpt_release
                0x0000000010004da8       0x38 CMakeFiles/mihashi_simple_dual.dir/Users/kurogedelic/pico-sdk/lib/tinyusb/src/tusb.c.o
                0x0000000010004da8                tu_edpt_release
 .text.tu_edpt_validate
                0x0000000010004de0       0x68 CMakeFiles/mihashi_simple_dual.dir/Users/kurogedelic/pico-sdk/lib/tinyusb/src/tusb.c.o
                0x0000000010004de0                tu_edpt_validate
 .text.tu_edpt_bind_driver
                0x0000000010004e48       0x2c CMakeFiles/mihashi_simple_dual.dir/Users/kurogedelic/pico-sdk/lib/tinyusb/src/tusb.c.o
                0x0000000010004e48                tu_edpt_bind_driver
 .text._tu_fifo_peek
                0x0000000010004e74       0x48 CMakeFiles/mihashi_simple_dual.dir/Users/kurogedelic/pico-sdk/lib/tinyusb/src/common/tusb_fifo.c.o
 .text._tu_fifo_peek_n.constprop.0
                0x0000000010004ebc       0x94 CMakeFiles/mihashi_simple_dual.dir/Users/kurogedelic/pico-sdk/lib/tinyusb/src/common/tusb_fifo.c.o
 .text.tu_fifo_config
                0x0000000010004f50       0x64 CMakeFiles/mihashi_simple_dual.dir/Users/kurogedelic/pico-sdk/lib/tinyusb/src/common/tusb_fifo.c.o
                0x0000000010004f50                tu_fifo_config
 .text.tu_fifo_count
                0x0000000010004fb4       0x20 CMakeFiles/mihashi_simple_dual.dir/Users/kurogedelic/pico-sdk/lib/tinyusb/src/common/tusb_fifo.c.o
                0x0000000010004fb4                tu_fifo_count
 .text.tu_fifo_remaining
                0x0000000010004fd4       0x24 CMakeFiles/mihashi_simple_dual.dir/Users/kurogedelic/pico-sdk/lib/tinyusb/src/common/tusb_fifo.c.o
                0x0000000010004fd4                tu_fifo_remaining
 .text.tu_fifo_read
                0x0000000010004ff8       0x50 CMakeFiles/mihashi_simple_dual.dir/Users/kurogedelic/pico-sdk/lib/tinyusb/src/common/tusb_fifo.c.o
                0x0000000010004ff8                tu_fifo_read
 .text.tu_fifo_read_n
                0x0000000010005048       0x5c CMakeFiles/mihashi_simple_dual.dir/Users/kurogedelic/pico-sdk/lib/tinyusb/src/common/tusb_fifo.c.o
                0x0000000010005048                tu_fifo_read_n
 .text.tu_fifo_write
                0x00000000100050a4       0x84 CMakeFiles/mihashi_simple_dual.dir/Users/kurogedelic/pico-sdk/lib/tinyusb/src/common/tusb_fifo.c.o
                0x00000000100050a4                tu_fifo_write
 .text.tu_fifo_write_n
                0x0000000010005128      0x13c CMakeFiles/mihashi_simple_dual.dir/Users/kurogedelic/pico-sdk/lib/tinyusb/src/common/tusb_fifo.c.o
                0x0000000010005128                tu_fifo_write_n
 .text.tu_fifo_clear
                0x0000000010005264       0x38 CMakeFiles/mihashi_simple_dual.dir/Users/kurogedelic/pico-sdk/lib/tinyusb/src/common/tusb_fifo.c.o
                0x0000000010005264                tu_fifo_clear
 .text.startup._retrieve_unique_id_on_boot
                0x000000001000529c       0x38 CMakeFiles/mihashi_simple_dual.dir/Users/kurogedelic/pico-sdk/src/rp2_common/pico_unique_id/unique_id.c.o
 .text          0x00000000100052d4       0xec /usr/local/playdate/gcc-arm-none-eabi-9-2019-q4-major/bin/../lib/gcc/arm-none-eabi/9.2.1/../../../../arm-none-eabi/lib/thumb/v8-m.main+fp/softfp/libg.a(lib_a-memcpy.o)
                0x00000000100052d4                memcpy
 .text.memset   0x00000000100053c0       0xa0 /usr/local/playdate/gcc-arm-none-eabi-9-2019-q4-major/bin/../lib/gcc/arm-none-eabi/9.2.1/../../../../arm-none-eabi/lib/thumb/v8-m.main+fp/softfp/libg.a(lib_a-memset.o)
                0x00000000100053c0                memset
 .text.strlen   0x0000000010005460       0x5c /usr/local/playdate/gcc-arm-none-eabi-9-2019-q4-major/bin/../lib/gcc/arm-none-eabi/9.2.1/../../../../arm-none-eabi/lib/thumb/v8-m.main+fp/softfp/libg.a(lib_a-strlen-stub.o)
                0x0000000010005460                strlen
 *(.fini)
 .fini          0x00000000100054bc        0x4 /usr/local/playdate/gcc-arm-none-eabi-9-2019-q4-major/bin/../lib/gcc/arm-none-eabi/9.2.1/thumb/v8-m.main+fp/softfp/crti.o
                0x00000000100054bc                _fini
 .fini.__stub   0x00000000100054c0       0xa0 linker stubs
 *crtbegin.o(.ctors)
 *crtbegin?.o(.ctors)
 *(EXCLUDE_FILE(*crtend.o *crtend?.o) .ctors)
 *(SORT_BY_NAME(.ctors.*))
 *(.ctors)
 *crtbegin.o(.dtors)
 *crtbegin?.o(.dtors)
 *(EXCLUDE_FILE(*crtend.o *crtend?.o) .dtors)
 *(SORT_BY_NAME(.dtors.*))
 *(.dtors)
                0x0000000010005560                . = ALIGN (0x4)
                0x0000000010005560                PROVIDE (__preinit_array_start = .)
 *(SORT_BY_NAME(.preinit_array.*))
 .preinit_array.00050
                0x0000000010005560        0x4 CMakeFiles/mihashi_simple_dual.dir/Users/kurogedelic/pico-sdk/src/rp2_common/pico_runtime_init/runtime_init.c.o
                0x0000000010005560                __pre_init_runtime_init_bootrom_reset
 .preinit_array.00100
                0x0000000010005564        0x4 CMakeFiles/mihashi_simple_dual.dir/Users/kurogedelic/pico-sdk/src/rp2_common/pico_runtime_init/runtime_init.c.o
                0x0000000010005564                __pre_init_runtime_init_early_resets
 .preinit_array.00101
                0x0000000010005568        0x4 CMakeFiles/mihashi_simple_dual.dir/Users/kurogedelic/pico-sdk/src/rp2_common/pico_runtime_init/runtime_init.c.o
                0x0000000010005568                __pre_init_runtime_init_usb_power_down
 .preinit_array.00500
                0x000000001000556c        0x4 CMakeFiles/mihashi_simple_dual.dir/Users/kurogedelic/pico-sdk/src/rp2_common/pico_runtime_init/runtime_init.c.o
                0x000000001000556c                __pre_init_runtime_init_clocks
 .preinit_array.00600
                0x0000000010005570        0x4 CMakeFiles/mihashi_simple_dual.dir/Users/kurogedelic/pico-sdk/src/rp2_common/pico_runtime_init/runtime_init.c.o
                0x0000000010005570                __pre_init_runtime_init_post_clock_resets
 .preinit_array.01000
                0x0000000010005574        0x4 CMakeFiles/mihashi_simple_dual.dir/Users/kurogedelic/pico-sdk/src/rp2_common/hardware_boot_lock/boot_lock.c.o
                0x0000000010005574                __pre_init_runtime_init_boot_locks_reset
 .preinit_array.01000
                0x0000000010005578        0x4 CMakeFiles/mihashi_simple_dual.dir/Users/kurogedelic/pico-sdk/src/rp2_common/pico_runtime_init/runtime_init.c.o
                0x0000000010005578                __pre_init_runtime_init_spin_locks_reset
 .preinit_array.01010
                0x000000001000557c        0x4 CMakeFiles/mihashi_simple_dual.dir/Users/kurogedelic/pico-sdk/src/rp2_common/pico_bootrom/bootrom_lock.c.o
                0x000000001000557c                __pre_init_runtime_init_bootrom_locking_enable
 .preinit_array.01100
                0x0000000010005580        0x4 CMakeFiles/mihashi_simple_dual.dir/Users/kurogedelic/pico-sdk/src/common/pico_sync/mutex.c.o
                0x0000000010005580                __pre_init_runtime_init_mutex
 .preinit_array.10080
                0x0000000010005584        0x4 CMakeFiles/mihashi_simple_dual.dir/Users/kurogedelic/pico-sdk/src/rp2_common/pico_runtime_init/runtime_init.c.o
                0x0000000010005584                __pre_init_runtime_init_install_ram_vector_table
 .preinit_array.11000
                0x0000000010005588        0x4 CMakeFiles/mihashi_simple_dual.dir/Users/kurogedelic/pico-sdk/src/common/pico_time/time.c.o
                0x0000000010005588                __pre_init_runtime_init_default_alarm_pool
 .preinit_array.YYYYY
                0x000000001000558c        0x4 CMakeFiles/mihashi_simple_dual.dir/Users/kurogedelic/pico-sdk/src/rp2_common/pico_runtime/runtime.c.o
                0x000000001000558c                __pre_init_first_per_core_initializer
 .preinit_array.ZZZZZ.00051
                0x0000000010005590        0x4 CMakeFiles/mihashi_simple_dual.dir/Users/kurogedelic/pico-sdk/src/rp2_common/pico_runtime_init/runtime_init.c.o
                0x0000000010005590                __pre_init_runtime_init_per_core_bootrom_reset
 .preinit_array.ZZZZZ.00200
                0x0000000010005594        0x4 CMakeFiles/mihashi_simple_dual.dir/Users/kurogedelic/pico-sdk/src/rp2_common/pico_runtime_init/runtime_init.c.o
                0x0000000010005594                __pre_init_runtime_init_per_core_enable_coprocessors
 .preinit_array.ZZZZZ.01000
                0x0000000010005598        0x4 CMakeFiles/mihashi_simple_dual.dir/Users/kurogedelic/pico-sdk/src/rp2_common/hardware_sync_spin_lock/sync_spin_lock.c.o
                0x0000000010005598                __pre_init_spinlock_set_extexclall
 .preinit_array.ZZZZZ.01200
                0x000000001000559c        0x4 CMakeFiles/mihashi_simple_dual.dir/Users/kurogedelic/pico-sdk/src/rp2_common/hardware_irq/irq.c.o
                0x000000001000559c                __pre_init_runtime_init_per_core_irq_priorities
 *(.preinit_array)
                0x00000000100055a0                PROVIDE (__preinit_array_end = .)
                0x00000000100055a0                . = ALIGN (0x4)
                0x00000000100055a0                PROVIDE (__init_array_start = .)
 *(SORT_BY_NAME(.init_array.*))
 *(.init_array)
 .init_array    0x00000000100055a0        0x4 /usr/local/playdate/gcc-arm-none-eabi-9-2019-q4-major/bin/../lib/gcc/arm-none-eabi/9.2.1/thumb/v8-m.main+fp/softfp/crtbegin.o
 .init_array    0x00000000100055a4        0x4 CMakeFiles/mihashi_simple_dual.dir/Users/kurogedelic/pico-sdk/src/rp2_common/pico_unique_id/unique_id.c.o
                0x00000000100055a8                PROVIDE (__init_array_end = .)
                0x00000000100055a8                . = ALIGN (0x4)
                [!provide]                        PROVIDE (__fini_array_start = .)
 *(SORT_BY_NAME(.fini_array.*))
 *(.fini_array)
                [!provide]                        PROVIDE (__fini_array_end = .)
 *(.eh_frame*)
 .eh_frame      0x00000000100055a8        0x0 /usr/local/playdate/gcc-arm-none-eabi-9-2019-q4-major/bin/../lib/gcc/arm-none-eabi/9.2.1/thumb/v8-m.main+fp/softfp/crtbegin.o
                0x00000000100055a8                . = ALIGN (0x4)

.glue_7         0x00000000100055a8        0x0
 .glue_7        0x00000000100055a8        0x0 linker stubs

.glue_7t        0x00000000100055a8        0x0
 .glue_7t       0x00000000100055a8        0x0 linker stubs

.vfp11_veneer   0x00000000100055a8        0x0
 .vfp11_veneer  0x00000000100055a8        0x0 linker stubs

.v4_bx          0x00000000100055a8        0x0
 .v4_bx         0x00000000100055a8        0x0 linker stubs

.iplt           0x00000000100055a8        0x0
 .iplt          0x00000000100055a8        0x0 /usr/local/playdate/gcc-arm-none-eabi-9-2019-q4-major/bin/../lib/gcc/arm-none-eabi/9.2.1/thumb/v8-m.main+fp/softfp/crtbegin.o

.boot2          0x00000000100055a8        0x0
                0x00000000100055a8                __boot2_start__ = .
 *(.boot2)
                0x00000000100055a8                __boot2_end__ = .
                0x0000000000000001                ASSERT (((__boot2_end__ - __boot2_start__) <= 0x100), ERROR: Pico second stage bootloader must be no more than 256 bytes in size)

.rodata         0x00000000100055a8      0x668
 *(EXCLUDE_FILE(*libm.a: *libc.a:*lib_a-mem*.o *libgcc.a:) .rodata*)
 .rodata.system_clock_init.str1.4
                0x00000000100055a8       0x56 CMakeFiles/mihashi_simple_dual.dir/src/main_simple_dual.c.o
 *fill*         0x00000000100055fe        0x2 
 .rodata.host_gpio_init.str1.4
                0x0000000010005600       0x2f CMakeFiles/mihashi_simple_dual.dir/src/main_simple_dual.c.o
 *fill*         0x000000001000562f        0x1 
 .rodata.simple_host_task.str1.4
                0x0000000010005630       0x75 CMakeFiles/mihashi_simple_dual.dir/src/main_simple_dual.c.o
 *fill*         0x00000000100056a5        0x3 
 .rodata.core1_entry.str1.4
                0x00000000100056a8       0x29 CMakeFiles/mihashi_simple_dual.dir/src/main_simple_dual.c.o
 *fill*         0x00000000100056d1        0x3 
 .rodata.mihashi_bridge_task.str1.4
                0x00000000100056d4       0x34 CMakeFiles/mihashi_simple_dual.dir/src/main_simple_dual.c.o
 .rodata.mihashi_status_task.str1.4
                0x0000000010005708       0xbf CMakeFiles/mihashi_simple_dual.dir/src/main_simple_dual.c.o
 *fill*         0x00000000100057c7        0x1 
 .rodata.main.str1.4
                0x00000000100057c8       0xd5 CMakeFiles/mihashi_simple_dual.dir/src/main_simple_dual.c.o
 *fill*         0x000000001000589d        0x3 
 .rodata.tud_midi_rx_cb.str1.4
                0x00000000100058a0       0x79 CMakeFiles/mihashi_simple_dual.dir/src/main_simple_dual.c.o
 *fill*         0x0000000010005919        0x3 
 .rodata.str1.4
                0x000000001000591c       0x33 CMakeFiles/mihashi_simple_dual.dir/src/usb_descriptors.c.o
 *fill*         0x000000001000594f        0x1 
 .rodata.__compound_literal.0
                0x0000000010005950        0x2 CMakeFiles/mihashi_simple_dual.dir/src/usb_descriptors.c.o
 *fill*         0x0000000010005952        0x2 
 .rodata.desc_configuration
                0x0000000010005954       0x65 CMakeFiles/mihashi_simple_dual.dir/src/usb_descriptors.c.o
                0x0000000010005954                desc_configuration
 *fill*         0x00000000100059b9        0x3 
 .rodata.desc_device
                0x00000000100059bc       0x12 CMakeFiles/mihashi_simple_dual.dir/src/usb_descriptors.c.o
                0x00000000100059bc                desc_device
 *fill*         0x00000000100059ce        0x2 
 .rodata.panic.str1.4
                0x00000000100059d0       0x10 CMakeFiles/mihashi_simple_dual.dir/Users/kurogedelic/pico-sdk/src/rp2_common/pico_platform_panic/panic.c.o
                                         0x12 (size before relaxing)
 .rodata.spin_lock_claim_unused.str1.4
                0x00000000100059e0       0x1b CMakeFiles/mihashi_simple_dual.dir/Users/kurogedelic/pico-sdk/src/rp2_common/hardware_sync/sync.c.o
 *fill*         0x00000000100059fb        0x1 
 .rodata.timer_hardware_alarm_claim.str1.4
                0x00000000100059fc       0x22 CMakeFiles/mihashi_simple_dual.dir/Users/kurogedelic/pico-sdk/src/rp2_common/hardware_timer/timer.c.o
 *fill*         0x0000000010005a1e        0x2 
 .rodata.hard_assertion_failure.str1.4
                0x0000000010005a20        0xc CMakeFiles/mihashi_simple_dual.dir/Users/kurogedelic/pico-sdk/src/rp2_common/pico_runtime/runtime.c.o
 .rodata.str1.4
                0x0000000010005a2c       0x48 CMakeFiles/mihashi_simple_dual.dir/Users/kurogedelic/pico-sdk/src/rp2_common/pico_standard_binary_info/standard_binary_info.c.o
 .rodata.__bi_26
                0x0000000010005a74        0xc CMakeFiles/mihashi_simple_dual.dir/Users/kurogedelic/pico-sdk/src/rp2_common/pico_standard_binary_info/standard_binary_info.c.o
 .rodata.__bi_34
                0x0000000010005a80        0xc CMakeFiles/mihashi_simple_dual.dir/Users/kurogedelic/pico-sdk/src/rp2_common/pico_standard_binary_info/standard_binary_info.c.o
 .rodata.__bi_42
                0x0000000010005a8c        0xc CMakeFiles/mihashi_simple_dual.dir/Users/kurogedelic/pico-sdk/src/rp2_common/pico_standard_binary_info/standard_binary_info.c.o
 .rodata.__bi_48
                0x0000000010005a98        0xc CMakeFiles/mihashi_simple_dual.dir/Users/kurogedelic/pico-sdk/src/rp2_common/pico_standard_binary_info/standard_binary_info.c.o
 .rodata.__bi_54
                0x0000000010005aa4        0xc CMakeFiles/mihashi_simple_dual.dir/Users/kurogedelic/pico-sdk/src/rp2_common/pico_standard_binary_info/standard_binary_info.c.o
 .rodata.__bi_78
                0x0000000010005ab0        0xc CMakeFiles/mihashi_simple_dual.dir/Users/kurogedelic/pico-sdk/src/rp2_common/pico_standard_binary_info/standard_binary_info.c.o
 .rodata.__bi_84
                0x0000000010005abc        0xc CMakeFiles/mihashi_simple_dual.dir/Users/kurogedelic/pico-sdk/src/rp2_common/pico_standard_binary_info/standard_binary_info.c.o
 .rodata._ftoa.str1.4
                0x0000000010005ac8       0x15 CMakeFiles/mihashi_simple_dual.dir/Users/kurogedelic/pico-sdk/src/rp2_common/pico_printf/printf.c.o
 *fill*         0x0000000010005add        0x3 
 .rodata.pow10.6831
                0x0000000010005ae0       0x50 CMakeFiles/mihashi_simple_dual.dir/Users/kurogedelic/pico-sdk/src/rp2_common/pico_printf/printf.c.o
 .rodata.crlf_str.7893
                0x0000000010005b30        0x2 CMakeFiles/mihashi_simple_dual.dir/Users/kurogedelic/pico-sdk/src/rp2_common/pico_stdio/stdio.c.o
 *fill*         0x0000000010005b32        0x2 
 .rodata.str1.4
                0x0000000010005b34       0x2c CMakeFiles/mihashi_simple_dual.dir/Users/kurogedelic/pico-sdk/src/rp2_common/pico_stdio_uart/stdio_uart.c.o
 .rodata.__bi_45.7203
                0x0000000010005b60        0xc CMakeFiles/mihashi_simple_dual.dir/Users/kurogedelic/pico-sdk/src/rp2_common/pico_stdio_uart/stdio_uart.c.o
 .rodata.__bi_49.7207
                0x0000000010005b6c        0x8 CMakeFiles/mihashi_simple_dual.dir/Users/kurogedelic/pico-sdk/src/rp2_common/pico_stdio_uart/stdio_uart.c.o
 .rodata.__bi_50.7211
                0x0000000010005b74        0x8 CMakeFiles/mihashi_simple_dual.dir/Users/kurogedelic/pico-sdk/src/rp2_common/pico_stdio_uart/stdio_uart.c.o
 .rodata.str1.4
                0x0000000010005b7c       0x14 CMakeFiles/mihashi_simple_dual.dir/Users/kurogedelic/pico-sdk/lib/tinyusb/src/portable/raspberrypi/rp2040/dcd_rp2040.c.o
 .rodata.str1.4
                0x0000000010005b90       0x48 CMakeFiles/mihashi_simple_dual.dir/Users/kurogedelic/pico-sdk/lib/tinyusb/src/portable/raspberrypi/rp2040/rp2040_usb.c.o
 .rodata._usbd_driver
                0x0000000010005bd8       0x20 CMakeFiles/mihashi_simple_dual.dir/Users/kurogedelic/pico-sdk/lib/tinyusb/src/device/usbd.c.o
 .rodata.str1.4
                0x0000000010005bf8        0x4 CMakeFiles/mihashi_simple_dual.dir/Users/kurogedelic/pico-sdk/lib/tinyusb/hw/bsp/rp2040/family.c.o
 .rodata.__bi_153.10874
                0x0000000010005bfc        0xc CMakeFiles/mihashi_simple_dual.dir/Users/kurogedelic/pico-sdk/lib/tinyusb/hw/bsp/rp2040/family.c.o
 .rodata.__bi_163.10877
                0x0000000010005c08        0x8 CMakeFiles/mihashi_simple_dual.dir/Users/kurogedelic/pico-sdk/lib/tinyusb/hw/bsp/rp2040/family.c.o
 *(.srodata*)
                0x0000000010005c10                . = ALIGN (0x4)
 *(SORT_BY_ALIGNMENT(SORT_BY_NAME(.flashdata*)))
                0x0000000010005c10                . = ALIGN (0x4)

.ARM.extab
 *(.ARM.extab* .gnu.linkonce.armextab.*)
                0x0000000010005c10                __exidx_start = .

.ARM.exidx      0x0000000010005c10        0x8
 *(.ARM.exidx* .gnu.linkonce.armexidx.*)
 .ARM.exidx     0x0000000010005c10        0x8 /usr/local/playdate/gcc-arm-none-eabi-9-2019-q4-major/bin/../lib/gcc/arm-none-eabi/9.2.1/thumb/v8-m.main+fp/softfp/libgcc.a(_udivmoddi4.o)
                0x0000000010005c18                __exidx_end = .
                0x0000000010005c18                . = ALIGN (0x4)
                0x0000000010005c18                __binary_info_start = .

.binary_info    0x0000000010005c18       0x30
 *(.binary_info.keep.*)
 .binary_info.keep.__bi_ptr26
                0x0000000010005c18        0x4 CMakeFiles/mihashi_simple_dual.dir/Users/kurogedelic/pico-sdk/src/rp2_common/pico_standard_binary_info/standard_binary_info.c.o
 .binary_info.keep.__bi_ptr34
                0x0000000010005c1c        0x4 CMakeFiles/mihashi_simple_dual.dir/Users/kurogedelic/pico-sdk/src/rp2_common/pico_standard_binary_info/standard_binary_info.c.o
 .binary_info.keep.__bi_ptr42
                0x0000000010005c20        0x4 CMakeFiles/mihashi_simple_dual.dir/Users/kurogedelic/pico-sdk/src/rp2_common/pico_standard_binary_info/standard_binary_info.c.o
 .binary_info.keep.__bi_ptr48
                0x0000000010005c24        0x4 CMakeFiles/mihashi_simple_dual.dir/Users/kurogedelic/pico-sdk/src/rp2_common/pico_standard_binary_info/standard_binary_info.c.o
 .binary_info.keep.__bi_ptr54
                0x0000000010005c28        0x4 CMakeFiles/mihashi_simple_dual.dir/Users/kurogedelic/pico-sdk/src/rp2_common/pico_standard_binary_info/standard_binary_info.c.o
 .binary_info.keep.__bi_ptr78
                0x0000000010005c2c        0x4 CMakeFiles/mihashi_simple_dual.dir/Users/kurogedelic/pico-sdk/src/rp2_common/pico_standard_binary_info/standard_binary_info.c.o
 .binary_info.keep.__bi_ptr84
                0x0000000010005c30        0x4 CMakeFiles/mihashi_simple_dual.dir/Users/kurogedelic/pico-sdk/src/rp2_common/pico_standard_binary_info/standard_binary_info.c.o
 .binary_info.keep.__bi_ptr153
                0x0000000010005c34        0x4 CMakeFiles/mihashi_simple_dual.dir/Users/kurogedelic/pico-sdk/lib/tinyusb/hw/bsp/rp2040/family.c.o
 .binary_info.keep.__bi_ptr163
                0x0000000010005c38        0x4 CMakeFiles/mihashi_simple_dual.dir/Users/kurogedelic/pico-sdk/lib/tinyusb/hw/bsp/rp2040/family.c.o
 *(.binary_info.*)
 .binary_info.__bi_ptr45
                0x0000000010005c3c        0x4 CMakeFiles/mihashi_simple_dual.dir/Users/kurogedelic/pico-sdk/src/rp2_common/pico_stdio_uart/stdio_uart.c.o
 .binary_info.__bi_ptr49
                0x0000000010005c40        0x4 CMakeFiles/mihashi_simple_dual.dir/Users/kurogedelic/pico-sdk/src/rp2_common/pico_stdio_uart/stdio_uart.c.o
 .binary_info.__bi_ptr50
                0x0000000010005c44        0x4 CMakeFiles/mihashi_simple_dual.dir/Users/kurogedelic/pico-sdk/src/rp2_common/pico_stdio_uart/stdio_uart.c.o
                0x0000000010005c48                __binary_info_end = .
                0x0000000010005c48                . = ALIGN (0x4)

.ram_vector_table
                0x0000000020000000      0x110
 *(.ram_vector_table)
 .ram_vector_table
                0x0000000020000000      0x110 CMakeFiles/mihashi_simple_dual.dir/Users/kurogedelic/pico-sdk/src/rp2_common/pico_runtime_init/runtime_init.c.o
                0x0000000020000000                ram_vector_table

.uninitialized_data
                0x0000000020000110        0x0
                0x0000000020000110                . = ALIGN (0x4)
 *(.uninitialized_data*)

.data           0x0000000020000110      0xc64 load address 0x0000000010005c48
                0x0000000020000110                __data_start__ = .
 *(vtable)
 *(.time_critical*)
 .time_critical.mutex_try_enter
                0x0000000020000110       0x50 CMakeFiles/mihashi_simple_dual.dir/Users/kurogedelic/pico-sdk/src/common/pico_sync/mutex.c.o
                0x0000000020000110                mutex_try_enter
 .time_critical.mutex_enter_block_until
                0x0000000020000160       0x6c CMakeFiles/mihashi_simple_dual.dir/Users/kurogedelic/pico-sdk/src/common/pico_sync/mutex.c.o
                0x0000000020000160                mutex_enter_block_until
 .time_critical.mutex_try_enter_block_until
                0x00000000200001cc       0x34 CMakeFiles/mihashi_simple_dual.dir/Users/kurogedelic/pico-sdk/src/common/pico_sync/mutex.c.o
                0x00000000200001cc                mutex_try_enter_block_until
 .time_critical.mutex_enter_timeout_ms
                0x0000000020000200       0x30 CMakeFiles/mihashi_simple_dual.dir/Users/kurogedelic/pico-sdk/src/common/pico_sync/mutex.c.o
                0x0000000020000200                mutex_enter_timeout_ms
 .time_critical.mutex_exit
                0x0000000020000230       0x38 CMakeFiles/mihashi_simple_dual.dir/Users/kurogedelic/pico-sdk/src/common/pico_sync/mutex.c.o
                0x0000000020000230                mutex_exit
 .time_critical.reset_non_control_endpoints
                0x0000000020000268       0x3c CMakeFiles/mihashi_simple_dual.dir/Users/kurogedelic/pico-sdk/lib/tinyusb/src/portable/raspberrypi/rp2040/dcd_rp2040.c.o
 .time_critical.hw_handle_buff_status
                0x00000000200002a4       0xa0 CMakeFiles/mihashi_simple_dual.dir/Users/kurogedelic/pico-sdk/lib/tinyusb/src/portable/raspberrypi/rp2040/dcd_rp2040.c.o
 .time_critical.dcd_rp2040_irq
                0x0000000020000344      0x1dc CMakeFiles/mihashi_simple_dual.dir/Users/kurogedelic/pico-sdk/lib/tinyusb/src/portable/raspberrypi/rp2040/dcd_rp2040.c.o
 .time_critical.prepare_ep_buffer
                0x0000000020000520       0x64 CMakeFiles/mihashi_simple_dual.dir/Users/kurogedelic/pico-sdk/lib/tinyusb/src/portable/raspberrypi/rp2040/rp2040_usb.c.o
 .time_critical.sync_ep_buffer
                0x0000000020000584       0x50 CMakeFiles/mihashi_simple_dual.dir/Users/kurogedelic/pico-sdk/lib/tinyusb/src/portable/raspberrypi/rp2040/rp2040_usb.c.o
 .time_critical._hw_endpoint_xfer_sync
                0x00000000200005d4       0x2c CMakeFiles/mihashi_simple_dual.dir/Users/kurogedelic/pico-sdk/lib/tinyusb/src/portable/raspberrypi/rp2040/rp2040_usb.c.o
 .time_critical.e15_is_bulkin_ep
                0x0000000020000600       0x28 CMakeFiles/mihashi_simple_dual.dir/Users/kurogedelic/pico-sdk/lib/tinyusb/src/portable/raspberrypi/rp2040/rp2040_usb.c.o
 .time_critical.e15_is_critical_frame_period
                0x0000000020000628       0x30 CMakeFiles/mihashi_simple_dual.dir/Users/kurogedelic/pico-sdk/lib/tinyusb/src/portable/raspberrypi/rp2040/rp2040_usb.c.o
 .time_critical.hw_endpoint_reset_transfer
                0x0000000020000658        0xc CMakeFiles/mihashi_simple_dual.dir/Users/kurogedelic/pico-sdk/lib/tinyusb/src/portable/raspberrypi/rp2040/rp2040_usb.c.o
                0x0000000020000658                hw_endpoint_reset_transfer
 .time_critical._hw_endpoint_buffer_control_update32
                0x0000000020000664       0x44 CMakeFiles/mihashi_simple_dual.dir/Users/kurogedelic/pico-sdk/lib/tinyusb/src/portable/raspberrypi/rp2040/rp2040_usb.c.o
                0x0000000020000664                _hw_endpoint_buffer_control_update32
 .time_critical.hw_endpoint_start_next_buffer
                0x00000000200006a8       0x64 CMakeFiles/mihashi_simple_dual.dir/Users/kurogedelic/pico-sdk/lib/tinyusb/src/portable/raspberrypi/rp2040/rp2040_usb.c.o
                0x00000000200006a8                hw_endpoint_start_next_buffer
 .time_critical.hw_endpoint_xfer_continue
                0x000000002000070c       0x40 CMakeFiles/mihashi_simple_dual.dir/Users/kurogedelic/pico-sdk/lib/tinyusb/src/portable/raspberrypi/rp2040/rp2040_usb.c.o
                0x000000002000070c                hw_endpoint_xfer_continue
 .time_critical.tinyusb
                0x000000002000074c      0x218 CMakeFiles/mihashi_simple_dual.dir/Users/kurogedelic/pico-sdk/lib/tinyusb/src/device/usbd.c.o
                0x000000002000074c                dcd_event_handler
 *(.text*)
 .text          0x0000000020000964       0x30 /usr/local/playdate/gcc-arm-none-eabi-9-2019-q4-major/bin/../lib/gcc/arm-none-eabi/9.2.1/thumb/v8-m.main+fp/softfp/libgcc.a(_aeabi_uldivmod.o)
                0x0000000020000964                __aeabi_uldivmod
 .text          0x0000000020000994      0x2c0 /usr/local/playdate/gcc-arm-none-eabi-9-2019-q4-major/bin/../lib/gcc/arm-none-eabi/9.2.1/thumb/v8-m.main+fp/softfp/libgcc.a(_udivmoddi4.o)
                0x0000000020000994                __udivmoddi4
 .text          0x0000000020000c54        0x4 /usr/local/playdate/gcc-arm-none-eabi-9-2019-q4-major/bin/../lib/gcc/arm-none-eabi/9.2.1/thumb/v8-m.main+fp/softfp/libgcc.a(_dvmd_tls.o)
                0x0000000020000c54                __aeabi_ldiv0
                0x0000000020000c54                __aeabi_idiv0
 .text.__stub   0x0000000020000c58       0x60 linker stubs
                0x0000000020000cb8                . = ALIGN (0x4)
 *(.rodata*)
                0x0000000020000cb8                . = ALIGN (0x4)
 *(.data*)
 .data.string_desc_arr
                0x0000000020000cb8       0x10 CMakeFiles/mihashi_simple_dual.dir/src/usb_descriptors.c.o
                0x0000000020000cb8                string_desc_arr
 .data.striped_spin_lock_num
                0x0000000020000cc8        0x1 CMakeFiles/mihashi_simple_dual.dir/Users/kurogedelic/pico-sdk/src/rp2_common/hardware_sync/sync.c.o
 *fill*         0x0000000020000cc9        0x3 
 .data          0x0000000020000ccc       0x48 CMakeFiles/mihashi_simple_dual.dir/Users/kurogedelic/pico-sdk/src/rp2_common/hardware_irq/irq_handler_chain.S.o
                0x0000000020000ccc                irq_handler_chain_slots
                0x0000000020000cfc                irq_handler_chain_first_slot
                0x0000000020000d06                irq_handler_chain_remove_tail
 .data.default_alarm_pool
                0x0000000020000d14       0x18 CMakeFiles/mihashi_simple_dual.dir/Users/kurogedelic/pico-sdk/src/common/pico_time/time.c.o
 .data.stdio_uart
                0x0000000020000d2c       0x18 CMakeFiles/mihashi_simple_dual.dir/Users/kurogedelic/pico-sdk/src/rp2_common/pico_stdio_uart/stdio_uart.c.o
                0x0000000020000d2c                stdio_uart
 .data._usbd_qdef
                0x0000000020000d44       0x1c CMakeFiles/mihashi_simple_dual.dir/Users/kurogedelic/pico-sdk/lib/tinyusb/src/device/usbd.c.o
                0x0000000020000d44                _usbd_qdef
 .data._usbd_rhport
                0x0000000020000d60        0x1 CMakeFiles/mihashi_simple_dual.dir/Users/kurogedelic/pico-sdk/lib/tinyusb/src/device/usbd.c.o
 *(.sdata*)
                0x0000000020000d64                . = ALIGN (0x4)
 *fill*         0x0000000020000d61        0x3 
 *(.after_data.*)
                0x0000000020000d64                . = ALIGN (0x4)
                0x0000000020000d64                PROVIDE (__mutex_array_start = .)
 *(SORT_BY_NAME(.mutex_array.*))
 *(.mutex_array)
 .mutex_array   0x0000000020000d64        0x8 CMakeFiles/mihashi_simple_dual.dir/Users/kurogedelic/pico-sdk/src/rp2_common/pico_malloc/malloc.c.o
 .mutex_array   0x0000000020000d6c        0x8 CMakeFiles/mihashi_simple_dual.dir/Users/kurogedelic/pico-sdk/src/rp2_common/pico_stdio/stdio.c.o
                0x0000000020000d74                PROVIDE (__mutex_array_end = .)
 *(.jcr)
                0x0000000020000d74                . = ALIGN (0x4)

.igot.plt       0x0000000020000d74        0x0 load address 0x00000000100068ac
 .igot.plt      0x0000000020000d74        0x0 /usr/local/playdate/gcc-arm-none-eabi-9-2019-q4-major/bin/../lib/gcc/arm-none-eabi/9.2.1/thumb/v8-m.main+fp/softfp/crtbegin.o

.tdata          0x0000000020000d74        0x0 load address 0x00000000100068ac
                0x0000000020000d74                . = ALIGN (0x4)
 *(.tdata .tdata.* .gnu.linkonce.td.*)
                0x0000000020000d74                __tdata_end = .
                0x0000000020000d74                PROVIDE (__data_end__ = .)
                0x0000000010005c48                __etext = LOADADDR (.data)

.tbss           0x0000000020000d74        0x0 load address 0x00000000100068ac
                0x0000000020000d74                . = ALIGN (0x4)
                0x0000000020000d74                __bss_start__ = .
                0x0000000020000d74                __tls_base = .
 *(.tbss .tbss.* .gnu.linkonce.tb.*)
 *(.tcommon)
                0x0000000020000d74                __tls_end = .

.bss            0x0000000020000d78      0xb64 load address 0x00000000100068ac
                0x0000000020000d78                . = ALIGN (0x4)
                0x0000000020000d78                __tbss_end = .
 *(SORT_BY_ALIGNMENT(SORT_BY_NAME(.bss*)))
 .bss.default_alarm_pool_entries
                0x0000000020000d78      0x180 CMakeFiles/mihashi_simple_dual.dir/Users/kurogedelic/pico-sdk/src/common/pico_time/time.c.o
 .bss           0x0000000020000ef8       0x1c /usr/local/playdate/gcc-arm-none-eabi-9-2019-q4-major/bin/../lib/gcc/arm-none-eabi/9.2.1/thumb/v8-m.main+fp/softfp/crtbegin.o
 .bss._app_driver
                0x0000000020000f14        0x4 CMakeFiles/mihashi_simple_dual.dir/Users/kurogedelic/pico-sdk/lib/tinyusb/src/device/usbd.c.o
 .bss._ctrl_epbuf
                0x0000000020000f18       0x40 CMakeFiles/mihashi_simple_dual.dir/Users/kurogedelic/pico-sdk/lib/tinyusb/src/device/usbd_control.c.o
 .bss._ctrl_xfer
                0x0000000020000f58       0x14 CMakeFiles/mihashi_simple_dual.dir/Users/kurogedelic/pico-sdk/lib/tinyusb/src/device/usbd_control.c.o
 .bss._desc_str
                0x0000000020000f6c       0x40 CMakeFiles/mihashi_simple_dual.dir/src/usb_descriptors.c.o
 .bss._midid_epbuf
                0x0000000020000fac       0x80 CMakeFiles/mihashi_simple_dual.dir/Users/kurogedelic/pico-sdk/lib/tinyusb/src/class/midi/midi_device.c.o
 .bss._midid_itf
                0x000000002000102c      0x148 CMakeFiles/mihashi_simple_dual.dir/Users/kurogedelic/pico-sdk/lib/tinyusb/src/class/midi/midi_device.c.o
 .bss._ubsd_mutexdef
                0x0000000020001174        0x8 CMakeFiles/mihashi_simple_dual.dir/Users/kurogedelic/pico-sdk/lib/tinyusb/src/device/usbd.c.o
 .bss._usbd_dev
                0x000000002000117c       0x54 CMakeFiles/mihashi_simple_dual.dir/Users/kurogedelic/pico-sdk/lib/tinyusb/src/device/usbd.c.o
 .bss._usbd_mutex
                0x00000000200011d0        0x4 CMakeFiles/mihashi_simple_dual.dir/Users/kurogedelic/pico-sdk/lib/tinyusb/src/device/usbd.c.o
 .bss._usbd_q   0x00000000200011d4        0x4 CMakeFiles/mihashi_simple_dual.dir/Users/kurogedelic/pico-sdk/lib/tinyusb/src/device/usbd.c.o
 .bss.chars_available_callback
                0x00000000200011d8        0x4 CMakeFiles/mihashi_simple_dual.dir/Users/kurogedelic/pico-sdk/src/rp2_common/pico_stdio_uart/stdio_uart.c.o
 .bss.chars_available_param
                0x00000000200011dc        0x4 CMakeFiles/mihashi_simple_dual.dir/Users/kurogedelic/pico-sdk/src/rp2_common/pico_stdio_uart/stdio_uart.c.o
 .bss.claimed   0x00000000200011e0        0x4 CMakeFiles/mihashi_simple_dual.dir/Users/kurogedelic/pico-sdk/src/rp2_common/hardware_sync/sync.c.o
 .bss.claimed   0x00000000200011e4        0x2 CMakeFiles/mihashi_simple_dual.dir/Users/kurogedelic/pico-sdk/src/rp2_common/hardware_timer/timer.c.o
 *fill*         0x00000000200011e6        0x2 
 .bss.configured_freq
                0x00000000200011e8       0x28 CMakeFiles/mihashi_simple_dual.dir/Users/kurogedelic/pico-sdk/src/rp2_common/hardware_clocks/clocks.c.o
 .bss.device_to_host_buffer
                0x0000000020001210       0xc0 CMakeFiles/mihashi_simple_dual.dir/src/main_simple_dual.c.o
 .bss.drivers   0x00000000200012d0        0x4 CMakeFiles/mihashi_simple_dual.dir/Users/kurogedelic/pico-sdk/src/rp2_common/pico_stdio/stdio.c.o
 .bss.e15_last_sof
                0x00000000200012d4        0x4 CMakeFiles/mihashi_simple_dual.dir/Users/kurogedelic/pico-sdk/lib/tinyusb/src/portable/raspberrypi/rp2040/rp2040_usb.c.o
                0x00000000200012d4                e15_last_sof
 .bss.filter    0x00000000200012d8        0x4 CMakeFiles/mihashi_simple_dual.dir/Users/kurogedelic/pico-sdk/src/rp2_common/pico_stdio/stdio.c.o
 .bss.host_to_device_buffer
                0x00000000200012dc       0xc0 CMakeFiles/mihashi_simple_dual.dir/src/main_simple_dual.c.o
 .bss.hw_endpoints
                0x000000002000139c      0x400 CMakeFiles/mihashi_simple_dual.dir/Users/kurogedelic/pico-sdk/lib/tinyusb/src/portable/raspberrypi/rp2040/dcd_rp2040.c.o
 .bss.last_ping.11230
                0x000000002000179c        0x4 CMakeFiles/mihashi_simple_dual.dir/src/main_simple_dual.c.o
 .bss.last_status.11246
                0x00000000200017a0        0x4 CMakeFiles/mihashi_simple_dual.dir/src/main_simple_dual.c.o
 .bss.lazy_vsnprintf
                0x00000000200017a4        0x4 CMakeFiles/mihashi_simple_dual.dir/Users/kurogedelic/pico-sdk/src/rp2_common/pico_printf/printf.c.o
 .bss.next_buffer_ptr
                0x00000000200017a8        0x4 CMakeFiles/mihashi_simple_dual.dir/Users/kurogedelic/pico-sdk/lib/tinyusb/src/portable/raspberrypi/rp2040/dcd_rp2040.c.o
 .bss.pools     0x00000000200017ac       0x20 CMakeFiles/mihashi_simple_dual.dir/Users/kurogedelic/pico-sdk/src/common/pico_time/time.c.o
 .bss.retrieved_id
                0x00000000200017cc        0x8 CMakeFiles/mihashi_simple_dual.dir/Users/kurogedelic/pico-sdk/src/rp2_common/pico_unique_id/unique_id.c.o
 .bss.sleep_notifier
                0x00000000200017d4        0x4 CMakeFiles/mihashi_simple_dual.dir/Users/kurogedelic/pico-sdk/src/common/pico_time/time.c.o
 .bss.status    0x00000000200017d8       0x14 CMakeFiles/mihashi_simple_dual.dir/src/main_simple_dual.c.o
 .bss.uart_instance
                0x00000000200017ec        0x4 CMakeFiles/mihashi_simple_dual.dir/Users/kurogedelic/pico-sdk/src/rp2_common/pico_stdio_uart/stdio_uart.c.o
 .bss._app_driver_count
                0x00000000200017f0        0x1 CMakeFiles/mihashi_simple_dual.dir/Users/kurogedelic/pico-sdk/lib/tinyusb/src/device/usbd.c.o
 .bss._sof_enable
                0x00000000200017f1        0x1 CMakeFiles/mihashi_simple_dual.dir/Users/kurogedelic/pico-sdk/lib/tinyusb/src/portable/raspberrypi/rp2040/dcd_rp2040.c.o
 .bss._usbd_queued_setup
                0x00000000200017f2        0x1 CMakeFiles/mihashi_simple_dual.dir/Users/kurogedelic/pico-sdk/lib/tinyusb/src/device/usbd.c.o
 .bss.d2h_head  0x00000000200017f3        0x1 CMakeFiles/mihashi_simple_dual.dir/src/main_simple_dual.c.o
 .bss.d2h_tail  0x00000000200017f4        0x1 CMakeFiles/mihashi_simple_dual.dir/src/main_simple_dual.c.o
 .bss.h2d_head  0x00000000200017f5        0x1 CMakeFiles/mihashi_simple_dual.dir/src/main_simple_dual.c.o
 .bss.h2d_tail  0x00000000200017f6        0x1 CMakeFiles/mihashi_simple_dual.dir/src/main_simple_dual.c.o
 .bss.irq_handler_chain_free_slot_head
                0x00000000200017f7        0x1 CMakeFiles/mihashi_simple_dual.dir/Users/kurogedelic/pico-sdk/src/rp2_common/hardware_irq/irq.c.o
 *(COMMON)
 COMMON         0x00000000200017f8       0x20 CMakeFiles/mihashi_simple_dual.dir/Users/kurogedelic/pico-sdk/src/rp2_common/hardware_sync_spin_lock/sync_spin_lock.c.o
                0x00000000200017f8                _sw_spin_locks
 COMMON         0x0000000020001818        0x4 CMakeFiles/mihashi_simple_dual.dir/Users/kurogedelic/pico-sdk/src/rp2_common/hardware_uart/uart.c.o
                0x0000000020001818                uart_char_to_line_feed
 COMMON         0x000000002000181c       0xc0 CMakeFiles/mihashi_simple_dual.dir/Users/kurogedelic/pico-sdk/lib/tinyusb/src/device/usbd.c.o
                0x000000002000181c                _usbd_qdef_buf
                [!provide]                        PROVIDE (__global_pointer$ = (. + 0x800))
 *(.sbss*)
                0x00000000200018dc                . = ALIGN (0x4)
                0x00000000200018dc                __bss_end__ = .

.heap           0x00000000200018dc      0x800 load address 0x00000000100068ac
                0x00000000200018dc                __end__ = .
                0x00000000200018dc                end = __end__
 *(.heap*)
 .heap          0x00000000200018dc      0x800 CMakeFiles/mihashi_simple_dual.dir/Users/kurogedelic/pico-sdk/src/rp2_common/pico_crt0/crt0.S.o
                0x0000000020080000                __HeapLimit = (ORIGIN (RAM) + LENGTH (RAM))

.scratch_x      0x0000000020080000        0x0 load address 0x00000000100068ac
                0x0000000020080000                __scratch_x_start__ = .
 *(.scratch_x.*)
                0x0000000020080000                . = ALIGN (0x4)
                0x0000000020080000                __scratch_x_end__ = .
                0x00000000100068ac                __scratch_x_source__ = LOADADDR (.scratch_x)

.scratch_y      0x0000000020081000        0x0 load address 0x00000000100068ac
                0x0000000020081000                __scratch_y_start__ = .
 *(.scratch_y.*)
                0x0000000020081000                . = ALIGN (0x4)
                0x0000000020081000                __scratch_y_end__ = .
                0x00000000100068ac                __scratch_y_source__ = LOADADDR (.scratch_y)

.stack1_dummy   0x0000000020080000      0x800
 *(.stack1*)
 .stack1        0x0000000020080000      0x800 CMakeFiles/mihashi_simple_dual.dir/Users/kurogedelic/pico-sdk/src/rp2_common/pico_multicore/multicore.c.o

.stack_dummy    0x0000000020081000      0x800
 *(.stack*)
 .stack         0x0000000020081000      0x800 CMakeFiles/mihashi_simple_dual.dir/Users/kurogedelic/pico-sdk/src/rp2_common/pico_crt0/crt0.S.o

.flash_end      0x00000000100068ac       0x14
 *(.embedded_end_block*)
 .embedded_end_block
                0x00000000100068ac       0x14 CMakeFiles/mihashi_simple_dual.dir/Users/kurogedelic/pico-sdk/src/rp2_common/pico_crt0/crt0.S.o
                0x00000000100068c0                PROVIDE (__flash_binary_end = .)
                0x0000000020080000                __StackLimit = (ORIGIN (RAM) + LENGTH (RAM))
                0x0000000020081000                __StackOneTop = (ORIGIN (SCRATCH_X) + LENGTH (SCRATCH_X))
                0x0000000020082000                __StackTop = (ORIGIN (SCRATCH_Y) + LENGTH (SCRATCH_Y))
                0x0000000020080800                __StackOneBottom = (__StackOneTop - SIZEOF (.stack1_dummy))
                0x0000000020081800                __StackBottom = (__StackTop - SIZEOF (.stack_dummy))
                0x0000000020082000                PROVIDE (__stack = __StackTop)
                [!provide]                        PROVIDE (__heap_start = __end__)
                [!provide]                        PROVIDE (__heap_end = __HeapLimit)
                [!provide]                        PROVIDE (__tls_align = MAX (ALIGNOF (.tdata), ALIGNOF (.tbss)))
                [!provide]                        PROVIDE (__tls_size_align = (((__tls_size + __tls_align) - 0x1) & ~ ((__tls_align - 0x1))))
                [!provide]                        PROVIDE (__arm32_tls_tcb_offset = MAX (0x8, __tls_align))
                [!provide]                        PROVIDE (_end = __end__)
                [!provide]                        PROVIDE (__llvm_libc_heap_limit = __HeapLimit)
                0x0000000000000001                ASSERT ((__StackLimit >= __HeapLimit), region RAM overflowed)
                0x0000000000000001                ASSERT (((__binary_info_header_end - __logical_binary_start) <= 0x400), Binary info must be in first 1024 bytes of the binary)
                0x0000000000000001                ASSERT (((__embedded_block_end - __logical_binary_start) <= 0x1000), Embedded block must be in first 4096 bytes of the binary)
LOAD CMakeFiles/mihashi_simple_dual.dir/src/main_simple_dual.c.o
LOAD CMakeFiles/mihashi_simple_dual.dir/src/usb_descriptors.c.o
LOAD CMakeFiles/mihashi_simple_dual.dir/Users/kurogedelic/pico-sdk/src/rp2_common/pico_stdlib/stdlib.c.o
LOAD CMakeFiles/mihashi_simple_dual.dir/Users/kurogedelic/pico-sdk/src/rp2_common/hardware_gpio/gpio.c.o
LOAD CMakeFiles/mihashi_simple_dual.dir/Users/kurogedelic/pico-sdk/src/rp2350/pico_platform/platform.c.o
LOAD CMakeFiles/mihashi_simple_dual.dir/Users/kurogedelic/pico-sdk/src/rp2_common/pico_platform_panic/panic.c.o
LOAD CMakeFiles/mihashi_simple_dual.dir/Users/kurogedelic/pico-sdk/src/common/hardware_claim/claim.c.o
LOAD CMakeFiles/mihashi_simple_dual.dir/Users/kurogedelic/pico-sdk/src/rp2_common/hardware_sync/sync.c.o
LOAD CMakeFiles/mihashi_simple_dual.dir/Users/kurogedelic/pico-sdk/src/rp2_common/hardware_sync_spin_lock/sync_spin_lock.c.o
LOAD CMakeFiles/mihashi_simple_dual.dir/Users/kurogedelic/pico-sdk/src/rp2_common/hardware_irq/irq.c.o
LOAD CMakeFiles/mihashi_simple_dual.dir/Users/kurogedelic/pico-sdk/src/rp2_common/hardware_irq/irq_handler_chain.S.o
LOAD CMakeFiles/mihashi_simple_dual.dir/Users/kurogedelic/pico-sdk/src/common/pico_sync/sem.c.o
LOAD CMakeFiles/mihashi_simple_dual.dir/Users/kurogedelic/pico-sdk/src/common/pico_sync/lock_core.c.o
LOAD CMakeFiles/mihashi_simple_dual.dir/Users/kurogedelic/pico-sdk/src/common/pico_sync/mutex.c.o
LOAD CMakeFiles/mihashi_simple_dual.dir/Users/kurogedelic/pico-sdk/src/common/pico_sync/critical_section.c.o
LOAD CMakeFiles/mihashi_simple_dual.dir/Users/kurogedelic/pico-sdk/src/common/pico_time/time.c.o
LOAD CMakeFiles/mihashi_simple_dual.dir/Users/kurogedelic/pico-sdk/src/common/pico_time/timeout_helper.c.o
LOAD CMakeFiles/mihashi_simple_dual.dir/Users/kurogedelic/pico-sdk/src/rp2_common/hardware_timer/timer.c.o
LOAD CMakeFiles/mihashi_simple_dual.dir/Users/kurogedelic/pico-sdk/src/common/pico_util/datetime.c.o
LOAD CMakeFiles/mihashi_simple_dual.dir/Users/kurogedelic/pico-sdk/src/common/pico_util/pheap.c.o
LOAD CMakeFiles/mihashi_simple_dual.dir/Users/kurogedelic/pico-sdk/src/common/pico_util/queue.c.o
LOAD CMakeFiles/mihashi_simple_dual.dir/Users/kurogedelic/pico-sdk/src/rp2_common/hardware_uart/uart.c.o
LOAD CMakeFiles/mihashi_simple_dual.dir/Users/kurogedelic/pico-sdk/src/rp2_common/hardware_clocks/clocks.c.o
LOAD CMakeFiles/mihashi_simple_dual.dir/Users/kurogedelic/pico-sdk/src/rp2_common/hardware_pll/pll.c.o
LOAD CMakeFiles/mihashi_simple_dual.dir/Users/kurogedelic/pico-sdk/src/rp2_common/hardware_vreg/vreg.c.o
LOAD CMakeFiles/mihashi_simple_dual.dir/Users/kurogedelic/pico-sdk/src/rp2_common/hardware_watchdog/watchdog.c.o
LOAD CMakeFiles/mihashi_simple_dual.dir/Users/kurogedelic/pico-sdk/src/rp2_common/hardware_ticks/ticks.c.o
LOAD CMakeFiles/mihashi_simple_dual.dir/Users/kurogedelic/pico-sdk/src/rp2_common/pico_bootrom/bootrom.c.o
LOAD CMakeFiles/mihashi_simple_dual.dir/Users/kurogedelic/pico-sdk/src/rp2_common/pico_bootrom/bootrom_lock.c.o
LOAD CMakeFiles/mihashi_simple_dual.dir/Users/kurogedelic/pico-sdk/src/rp2_common/hardware_boot_lock/boot_lock.c.o
LOAD CMakeFiles/mihashi_simple_dual.dir/Users/kurogedelic/pico-sdk/src/rp2_common/pico_flash/flash.c.o
LOAD CMakeFiles/mihashi_simple_dual.dir/Users/kurogedelic/pico-sdk/src/rp2_common/hardware_xosc/xosc.c.o
LOAD CMakeFiles/mihashi_simple_dual.dir/Users/kurogedelic/pico-sdk/src/rp2_common/hardware_divider/divider.c.o
LOAD CMakeFiles/mihashi_simple_dual.dir/Users/kurogedelic/pico-sdk/src/rp2_common/pico_runtime/runtime.c.o
LOAD CMakeFiles/mihashi_simple_dual.dir/Users/kurogedelic/pico-sdk/src/rp2_common/pico_runtime_init/runtime_init.c.o
LOAD CMakeFiles/mihashi_simple_dual.dir/Users/kurogedelic/pico-sdk/src/rp2_common/pico_runtime_init/runtime_init_clocks.c.o
LOAD CMakeFiles/mihashi_simple_dual.dir/Users/kurogedelic/pico-sdk/src/rp2_common/pico_runtime_init/runtime_init_stack_guard.c.o
LOAD CMakeFiles/mihashi_simple_dual.dir/Users/kurogedelic/pico-sdk/src/rp2_common/pico_bit_ops/bit_ops_aeabi.S.o
LOAD CMakeFiles/mihashi_simple_dual.dir/Users/kurogedelic/pico-sdk/src/rp2_common/pico_divider/divider_compiler.c.o
LOAD CMakeFiles/mihashi_simple_dual.dir/Users/kurogedelic/pico-sdk/src/rp2_common/pico_double/double_math.c.o
LOAD CMakeFiles/mihashi_simple_dual.dir/Users/kurogedelic/pico-sdk/src/rp2_common/pico_double/double_aeabi_dcp.S.o